

================================================================
== Vitis HLS Report for 'dense_latency_ap_ufixed_9_0_4_0_0_ap_fixed_16_6_5_3_0_config11_s'
================================================================
* Date:           Sat Nov 18 16:01:58 2023

* Version:        2022.1 (Build 3526262 on Mon Apr 18 15:47:01 MDT 2022)
* Project:        tau_nn_prj
* Solution:       solution1 (Vivado IP Flow Target)
* Product family: virtexuplus
* Target device:  xcvu9p-flga2104-2L-e


================================================================
== Performance Estimates
================================================================
+ Timing: 
    * Summary: 
    +--------+---------+----------+------------+
    |  Clock |  Target | Estimated| Uncertainty|
    +--------+---------+----------+------------+
    |ap_clk  |  2.80 ns|  2.276 ns|     0.35 ns|
    +--------+---------+----------+------------+

+ Latency: 
    * Summary: 
    +---------+---------+----------+----------+-----+-----+---------+
    |  Latency (cycles) |  Latency (absolute) |  Interval | Pipeline|
    |   min   |   max   |    min   |    max   | min | max |   Type  |
    +---------+---------+----------+----------+-----+-----+---------+
    |        1|        1|  2.800 ns|  2.800 ns|    1|    1|      yes|
    +---------+---------+----------+----------+-----+-----+---------+

    + Detail: 
        * Instance: 
        N/A

        * Loop: 
        N/A



================================================================
== Utilization Estimates
================================================================
* Summary: 
+---------------------+---------+------+---------+---------+-----+
|         Name        | BRAM_18K|  DSP |    FF   |   LUT   | URAM|
+---------------------+---------+------+---------+---------+-----+
|DSP                  |        -|     -|        -|        -|    -|
|Expression           |        -|     -|        0|     2192|    -|
|FIFO                 |        -|     -|        -|        -|    -|
|Instance             |        -|     0|        0|     2352|    -|
|Memory               |        -|     -|        -|        -|    -|
|Multiplexer          |        -|     -|        -|      196|    -|
|Register             |        -|     -|      716|        -|    -|
+---------------------+---------+------+---------+---------+-----+
|Total                |        0|     0|      716|     4740|    0|
+---------------------+---------+------+---------+---------+-----+
|Available SLR        |     1440|  2280|   788160|   394080|  320|
+---------------------+---------+------+---------+---------+-----+
|Utilization SLR (%)  |        0|     0|       ~0|        1|    0|
+---------------------+---------+------+---------+---------+-----+
|Available            |     4320|  6840|  2364480|  1182240|  960|
+---------------------+---------+------+---------+---------+-----+
|Utilization (%)      |        0|     0|       ~0|       ~0|    0|
+---------------------+---------+------+---------+---------+-----+

+ Detail: 
    * Instance: 
    +-------------------------+--------------------+---------+----+---+----+-----+
    |         Instance        |       Module       | BRAM_18K| DSP| FF| LUT| URAM|
    +-------------------------+--------------------+---------+----+---+----+-----+
    |mul_9ns_5ns_13_1_0_U493  |mul_9ns_5ns_13_1_0  |        0|   0|  0|  49|    0|
    |mul_9ns_6ns_14_1_0_U479  |mul_9ns_6ns_14_1_0  |        0|   0|  0|  49|    0|
    |mul_9ns_6ns_14_1_0_U480  |mul_9ns_6ns_14_1_0  |        0|   0|  0|  49|    0|
    |mul_9ns_6ns_14_1_0_U481  |mul_9ns_6ns_14_1_0  |        0|   0|  0|  49|    0|
    |mul_9ns_6ns_14_1_0_U487  |mul_9ns_6ns_14_1_0  |        0|   0|  0|  49|    0|
    |mul_9ns_6ns_14_1_0_U488  |mul_9ns_6ns_14_1_0  |        0|   0|  0|  49|    0|
    |mul_9ns_6ns_14_1_0_U490  |mul_9ns_6ns_14_1_0  |        0|   0|  0|  49|    0|
    |mul_9ns_6ns_14_1_0_U491  |mul_9ns_6ns_14_1_0  |        0|   0|  0|  49|    0|
    |mul_9ns_6ns_14_1_0_U503  |mul_9ns_6ns_14_1_0  |        0|   0|  0|  49|    0|
    |mul_9ns_6ns_14_1_0_U505  |mul_9ns_6ns_14_1_0  |        0|   0|  0|  49|    0|
    |mul_9ns_6ns_14_1_0_U506  |mul_9ns_6ns_14_1_0  |        0|   0|  0|  49|    0|
    |mul_9ns_6ns_14_1_0_U515  |mul_9ns_6ns_14_1_0  |        0|   0|  0|  49|    0|
    |mul_9ns_6ns_14_1_0_U516  |mul_9ns_6ns_14_1_0  |        0|   0|  0|  49|    0|
    |mul_9ns_6ns_14_1_0_U517  |mul_9ns_6ns_14_1_0  |        0|   0|  0|  49|    0|
    |mul_9ns_6ns_14_1_0_U518  |mul_9ns_6ns_14_1_0  |        0|   0|  0|  49|    0|
    |mul_9ns_6ns_14_1_0_U525  |mul_9ns_6ns_14_1_0  |        0|   0|  0|  49|    0|
    |mul_9ns_6ns_14_1_0_U526  |mul_9ns_6ns_14_1_0  |        0|   0|  0|  49|    0|
    |mul_9ns_6s_15_1_0_U482   |mul_9ns_6s_15_1_0   |        0|   0|  0|  49|    0|
    |mul_9ns_6s_15_1_0_U483   |mul_9ns_6s_15_1_0   |        0|   0|  0|  49|    0|
    |mul_9ns_6s_15_1_0_U484   |mul_9ns_6s_15_1_0   |        0|   0|  0|  49|    0|
    |mul_9ns_6s_15_1_0_U486   |mul_9ns_6s_15_1_0   |        0|   0|  0|  49|    0|
    |mul_9ns_6s_15_1_0_U489   |mul_9ns_6s_15_1_0   |        0|   0|  0|  49|    0|
    |mul_9ns_6s_15_1_0_U492   |mul_9ns_6s_15_1_0   |        0|   0|  0|  49|    0|
    |mul_9ns_6s_15_1_0_U498   |mul_9ns_6s_15_1_0   |        0|   0|  0|  49|    0|
    |mul_9ns_6s_15_1_0_U500   |mul_9ns_6s_15_1_0   |        0|   0|  0|  49|    0|
    |mul_9ns_6s_15_1_0_U502   |mul_9ns_6s_15_1_0   |        0|   0|  0|  49|    0|
    |mul_9ns_6s_15_1_0_U504   |mul_9ns_6s_15_1_0   |        0|   0|  0|  49|    0|
    |mul_9ns_6s_15_1_0_U507   |mul_9ns_6s_15_1_0   |        0|   0|  0|  49|    0|
    |mul_9ns_6s_15_1_0_U508   |mul_9ns_6s_15_1_0   |        0|   0|  0|  49|    0|
    |mul_9ns_6s_15_1_0_U509   |mul_9ns_6s_15_1_0   |        0|   0|  0|  49|    0|
    |mul_9ns_6s_15_1_0_U511   |mul_9ns_6s_15_1_0   |        0|   0|  0|  49|    0|
    |mul_9ns_6s_15_1_0_U513   |mul_9ns_6s_15_1_0   |        0|   0|  0|  49|    0|
    |mul_9ns_6s_15_1_0_U514   |mul_9ns_6s_15_1_0   |        0|   0|  0|  49|    0|
    |mul_9ns_6s_15_1_0_U519   |mul_9ns_6s_15_1_0   |        0|   0|  0|  49|    0|
    |mul_9ns_6s_15_1_0_U520   |mul_9ns_6s_15_1_0   |        0|   0|  0|  49|    0|
    |mul_9ns_6s_15_1_0_U521   |mul_9ns_6s_15_1_0   |        0|   0|  0|  49|    0|
    |mul_9ns_6s_15_1_0_U524   |mul_9ns_6s_15_1_0   |        0|   0|  0|  49|    0|
    |mul_9ns_7ns_15_1_0_U494  |mul_9ns_7ns_15_1_0  |        0|   0|  0|  49|    0|
    |mul_9ns_7ns_15_1_0_U495  |mul_9ns_7ns_15_1_0  |        0|   0|  0|  49|    0|
    |mul_9ns_7ns_15_1_0_U496  |mul_9ns_7ns_15_1_0  |        0|   0|  0|  49|    0|
    |mul_9ns_7ns_15_1_0_U497  |mul_9ns_7ns_15_1_0  |        0|   0|  0|  49|    0|
    |mul_9ns_7ns_15_1_0_U501  |mul_9ns_7ns_15_1_0  |        0|   0|  0|  49|    0|
    |mul_9ns_7s_16_1_0_U485   |mul_9ns_7s_16_1_0   |        0|   0|  0|  49|    0|
    |mul_9ns_7s_16_1_0_U499   |mul_9ns_7s_16_1_0   |        0|   0|  0|  49|    0|
    |mul_9ns_7s_16_1_0_U510   |mul_9ns_7s_16_1_0   |        0|   0|  0|  49|    0|
    |mul_9ns_7s_16_1_0_U512   |mul_9ns_7s_16_1_0   |        0|   0|  0|  49|    0|
    |mul_9ns_7s_16_1_0_U523   |mul_9ns_7s_16_1_0   |        0|   0|  0|  49|    0|
    |mul_9ns_8ns_16_1_0_U522  |mul_9ns_8ns_16_1_0  |        0|   0|  0|  49|    0|
    +-------------------------+--------------------+---------+----+---+----+-----+
    |Total                    |                    |        0|   0|  0|2352|    0|
    +-------------------------+--------------------+---------+----+---+----+-----+

    * DSP: 
    N/A

    * Memory: 
    N/A

    * FIFO: 
    N/A

    * Expression: 
    +----------------------------+----------+----+---+----+------------+------------+
    |        Variable Name       | Operation| DSP| FF| LUT| Bitwidth P0| Bitwidth P1|
    +----------------------------+----------+----+---+----+------------+------------+
    |add_ln859_443_fu_19763_p2   |         +|   0|  0|  18|          11|          11|
    |add_ln859_444_fu_20138_p2   |         +|   0|  0|  19|          12|          12|
    |add_ln859_445_fu_19769_p2   |         +|   0|  0|  17|          12|          12|
    |add_ln859_446_fu_19775_p2   |         +|   0|  0|  17|          12|          12|
    |add_ln859_447_fu_20151_p2   |         +|   0|  0|  19|          12|           9|
    |add_ln859_448_fu_20161_p2   |         +|   0|  0|  20|          13|          13|
    |add_ln859_449_fu_20171_p2   |         +|   0|  0|  21|          14|          14|
    |add_ln859_450_fu_19781_p2   |         +|   0|  0|  19|          12|          12|
    |add_ln859_451_fu_19791_p2   |         +|   0|  0|  20|          13|          13|
    |add_ln859_452_fu_19797_p2   |         +|   0|  0|  17|          12|          12|
    |add_ln859_453_fu_19803_p2   |         +|   0|  0|  17|          12|          12|
    |add_ln859_454_fu_20187_p2   |         +|   0|  0|  21|          14|          14|
    |add_ln859_455_fu_19809_p2   |         +|   0|  0|  17|          12|          12|
    |add_ln859_456_fu_19815_p2   |         +|   0|  0|  17|          12|          12|
    |add_ln859_457_fu_19821_p2   |         +|   0|  0|  18|          11|           6|
    |add_ln859_458_fu_19831_p2   |         +|   0|  0|  19|          12|          12|
    |add_ln859_459_fu_20203_p2   |         +|   0|  0|  21|          14|          14|
    |add_ln859_460_fu_20213_p2   |         +|   0|  0|  17|          12|          12|
    |add_ln859_461_fu_19837_p2   |         +|   0|  0|  17|          10|          10|
    |add_ln859_462_fu_20221_p2   |         +|   0|  0|  17|          12|          12|
    |add_ln859_463_fu_19843_p2   |         +|   0|  0|  19|          12|          12|
    |add_ln859_464_fu_20234_p2   |         +|   0|  0|  17|          10|           6|
    |add_ln859_465_fu_20244_p2   |         +|   0|  0|  20|          13|          13|
    |add_ln859_466_fu_20254_p2   |         +|   0|  0|  21|          14|          14|
    |add_ln859_467_fu_19849_p2   |         +|   0|  0|  18|          11|          11|
    |add_ln859_468_fu_19855_p2   |         +|   0|  0|  19|          12|          12|
    |add_ln859_469_fu_20270_p2   |         +|   0|  0|  20|          13|          13|
    |add_ln859_470_fu_19861_p2   |         +|   0|  0|  19|          12|          12|
    |add_ln859_471_fu_20283_p2   |         +|   0|  0|  18|          11|           7|
    |add_ln859_472_fu_20293_p2   |         +|   0|  0|  20|          13|          13|
    |add_ln859_473_fu_20303_p2   |         +|   0|  0|  21|          14|          14|
    |add_ln859_474_fu_19867_p2   |         +|   0|  0|  17|          10|          10|
    |add_ln859_475_fu_20316_p2   |         +|   0|  0|  17|          13|          13|
    |add_ln859_476_fu_20322_p2   |         +|   0|  0|  17|          13|          13|
    |add_ln859_477_fu_19873_p2   |         +|   0|  0|  18|          11|          11|
    |add_ln859_478_fu_20335_p2   |         +|   0|  0|  17|          10|           8|
    |add_ln859_479_fu_20345_p2   |         +|   0|  0|  19|          12|          12|
    |add_ln859_480_fu_20355_p2   |         +|   0|  0|  21|          14|          14|
    |add_ln859_481_fu_19879_p2   |         +|   0|  0|  18|          11|          11|
    |add_ln859_482_fu_20368_p2   |         +|   0|  0|  20|          13|          13|
    |add_ln859_483_fu_19885_p2   |         +|   0|  0|  18|          11|          11|
    |add_ln859_484_fu_20381_p2   |         +|   0|  0|  18|          11|           8|
    |add_ln859_485_fu_20391_p2   |         +|   0|  0|  19|          12|          12|
    |add_ln859_486_fu_20401_p2   |         +|   0|  0|  21|          14|          14|
    |add_ln859_487_fu_19891_p2   |         +|   0|  0|  18|          11|          11|
    |add_ln859_488_fu_19897_p2   |         +|   0|  0|  17|          10|          10|
    |add_ln859_489_fu_20417_p2   |         +|   0|  0|  19|          12|          12|
    |add_ln859_490_fu_19903_p2   |         +|   0|  0|  19|          12|          12|
    |add_ln859_491_fu_20430_p2   |         +|   0|  0|  18|          11|           7|
    |add_ln859_492_fu_20440_p2   |         +|   0|  0|  20|          13|          13|
    |add_ln859_493_fu_20450_p2   |         +|   0|  0|  21|          14|          14|
    |add_ln859_494_fu_19909_p2   |         +|   0|  0|  17|          11|          11|
    |add_ln859_495_fu_19915_p2   |         +|   0|  0|  17|          11|          11|
    |add_ln859_496_fu_19921_p2   |         +|   0|  0|  18|          11|          11|
    |add_ln859_497_fu_20466_p2   |         +|   0|  0|  19|          12|          12|
    |add_ln859_498_fu_20476_p2   |         +|   0|  0|  20|          13|          13|
    |add_ln859_499_fu_19927_p2   |         +|   0|  0|  17|          10|          10|
    |add_ln859_500_fu_20489_p2   |         +|   0|  0|  18|          11|          11|
    |add_ln859_501_fu_19933_p2   |         +|   0|  0|  17|          12|           7|
    |add_ln859_502_fu_19939_p2   |         +|   0|  0|  17|          12|          12|
    |add_ln859_503_fu_20502_p2   |         +|   0|  0|  20|          13|          13|
    |add_ln859_504_fu_19945_p2   |         +|   0|  0|  17|          12|          12|
    |add_ln859_505_fu_19951_p2   |         +|   0|  0|  17|          10|           7|
    |add_ln859_506_fu_19961_p2   |         +|   0|  0|  17|          12|          12|
    |add_ln859_507_fu_19967_p2   |         +|   0|  0|  17|          10|          10|
    |add_ln859_508_fu_20518_p2   |         +|   0|  0|  17|          11|          11|
    |add_ln859_509_fu_20524_p2   |         +|   0|  0|  17|          11|          11|
    |add_ln859_510_fu_20534_p2   |         +|   0|  0|  19|          12|          12|
    |add_ln859_511_fu_20544_p2   |         +|   0|  0|  19|          12|           7|
    |add_ln859_512_fu_20554_p2   |         +|   0|  0|  20|          13|          13|
    |add_ln859_513_fu_20564_p2   |         +|   0|  0|  21|          14|          14|
    |add_ln859_514_fu_19973_p2   |         +|   0|  0|  18|          11|          11|
    |add_ln859_515_fu_20577_p2   |         +|   0|  0|  20|          13|          13|
    |add_ln859_516_fu_19979_p2   |         +|   0|  0|  18|          11|          11|
    |add_ln859_517_fu_20590_p2   |         +|   0|  0|  18|          11|           7|
    |add_ln859_518_fu_20600_p2   |         +|   0|  0|  19|          12|          12|
    |add_ln859_519_fu_20610_p2   |         +|   0|  0|  21|          14|          14|
    |add_ln859_fu_19757_p2       |         +|   0|  0|  18|          11|          11|
    |add_ln864_48_fu_18075_p2    |         +|   0|  0|  21|          14|          14|
    |add_ln864_49_fu_18203_p2    |         +|   0|  0|  22|          15|          15|
    |add_ln864_50_fu_18750_p2    |         +|   0|  0|  21|          14|          14|
    |add_ln864_51_fu_19257_p2    |         +|   0|  0|  22|          15|          15|
    |add_ln864_52_fu_19591_p2    |         +|   0|  0|  21|          14|          14|
    |add_ln864_53_fu_19721_p2    |         +|   0|  0|  22|          15|          15|
    |add_ln864_fu_18001_p2       |         +|   0|  0|  23|          16|          16|
    |r_V_200_fu_18159_p2         |         -|   0|  0|  23|          16|          16|
    |r_V_204_fu_18343_p2         |         -|   0|  0|  23|          16|          16|
    |r_V_206_fu_18391_p2         |         -|   0|  0|  23|          16|          16|
    |r_V_210_fu_18582_p2         |         -|   0|  0|  22|          15|          15|
    |r_V_212_fu_18654_p2         |         -|   0|  0|  23|          16|          16|
    |r_V_213_fu_18718_p2         |         -|   0|  0|  22|          15|          15|
    |r_V_214_fu_18794_p2         |         -|   0|  0|  22|          15|          15|
    |r_V_216_fu_18857_p2         |         -|   0|  0|  23|          16|          16|
    |r_V_219_fu_18939_p2         |         -|   0|  0|  22|          15|          15|
    |r_V_225_fu_19295_p2         |         -|   0|  0|  22|          15|          15|
    |r_V_228_fu_19403_p2         |         -|   0|  0|  22|          15|          15|
    |r_V_230_fu_19522_p2         |         -|   0|  0|  23|          16|          16|
    |r_V_232_fu_19633_p2         |         -|   0|  0|  21|          14|          14|
    |sub_ln1319_115_fu_18644_p2  |         -|   0|  0|  22|           1|          15|
    |sub_ln1319_117_fu_18696_p2  |         -|   0|  0|  21|           1|          14|
    |sub_ln1319_121_fu_19285_p2  |         -|   0|  0|  21|           1|          14|
    |sub_ln1319_125_fu_19500_p2  |         -|   0|  0|  22|           1|          15|
    |sub_ln1319_127_fu_19623_p2  |         -|   0|  0|  20|           1|          13|
    |sub_ln1319_fu_18329_p2      |         -|   0|  0|  22|           1|          15|
    |sub_ln864_47_fu_18471_p2    |         -|   0|  0|  22|          15|          15|
    |sub_ln864_48_fu_18999_p2    |         -|   0|  0|  22|          15|          15|
    |sub_ln864_49_fu_19173_p2    |         -|   0|  0|  22|          15|          15|
    |sub_ln864_50_fu_19221_p2    |         -|   0|  0|  22|          15|          15|
    |sub_ln864_51_fu_20037_p2    |         -|   0|  0|  22|          15|          15|
    |sub_ln864_52_fu_19423_p2    |         -|   0|  0|  22|          15|          15|
    |sub_ln864_53_fu_20093_p2    |         -|   0|  0|  22|          15|          15|
    |sub_ln864_fu_18300_p2       |         -|   0|  0|  22|          15|          15|
    +----------------------------+----------+----+---+----+------------+------------+
    |Total                       |          |   0|  0|2192|        1362|        1400|
    +----------------------------+----------+----+---+----+------------+------------+

    * Multiplexer: 
    +--------------+----+-----------+-----+-----------+
    |     Name     | LUT| Input Size| Bits| Total Bits|
    +--------------+----+-----------+-----+-----------+
    |ap_return_0   |  14|          3|   16|         48|
    |ap_return_1   |  14|          3|   16|         48|
    |ap_return_10  |  14|          3|   16|         48|
    |ap_return_11  |  14|          3|   16|         48|
    |ap_return_12  |  14|          3|   16|         48|
    |ap_return_13  |  14|          3|   16|         48|
    |ap_return_2   |  14|          3|   16|         48|
    |ap_return_3   |  14|          3|   16|         48|
    |ap_return_4   |  14|          3|   16|         48|
    |ap_return_5   |  14|          3|   16|         48|
    |ap_return_6   |  14|          3|   16|         48|
    |ap_return_7   |  14|          3|   16|         48|
    |ap_return_8   |  14|          3|   16|         48|
    |ap_return_9   |  14|          3|   16|         48|
    +--------------+----+-----------+-----+-----------+
    |Total         | 196|         42|  224|        672|
    +--------------+----+-----------+-----+-----------+

    * Register: 
    +---------------------------+----+----+-----+-----------+
    |            Name           | FF | LUT| Bits| Const Bits|
    +---------------------------+----+----+-----+-----------+
    |add_ln859_443_reg_20807    |  11|   0|   11|          0|
    |add_ln859_446_reg_20812    |  12|   0|   12|          0|
    |add_ln859_451_reg_20817    |  13|   0|   13|          0|
    |add_ln859_453_reg_20822    |  12|   0|   12|          0|
    |add_ln859_456_reg_20827    |  12|   0|   12|          0|
    |add_ln859_458_reg_20832    |  12|   0|   12|          0|
    |add_ln859_461_reg_20837    |  10|   0|   10|          0|
    |add_ln859_463_reg_20842    |  12|   0|   12|          0|
    |add_ln859_467_reg_20847    |  11|   0|   11|          0|
    |add_ln859_468_reg_20852    |  12|   0|   12|          0|
    |add_ln859_470_reg_20857    |  12|   0|   12|          0|
    |add_ln859_474_reg_20862    |  10|   0|   10|          0|
    |add_ln859_477_reg_20867    |  11|   0|   11|          0|
    |add_ln859_481_reg_20872    |  11|   0|   11|          0|
    |add_ln859_483_reg_20877    |  11|   0|   11|          0|
    |add_ln859_487_reg_20882    |  11|   0|   11|          0|
    |add_ln859_488_reg_20887    |  10|   0|   10|          0|
    |add_ln859_490_reg_20892    |  12|   0|   12|          0|
    |add_ln859_495_reg_20897    |  11|   0|   11|          0|
    |add_ln859_496_reg_20902    |  11|   0|   11|          0|
    |add_ln859_499_reg_20907    |  10|   0|   10|          0|
    |add_ln859_502_reg_20912    |  12|   0|   12|          0|
    |add_ln859_506_reg_20917    |  12|   0|   12|          0|
    |add_ln859_507_reg_20922    |  10|   0|   10|          0|
    |add_ln859_514_reg_20927    |  11|   0|   11|          0|
    |add_ln859_516_reg_20932    |  11|   0|   11|          0|
    |add_ln859_reg_20802        |  11|   0|   11|          0|
    |ap_ce_reg                  |   1|   0|    1|          0|
    |ap_return_0_int_reg        |  16|   0|   16|          0|
    |ap_return_10_int_reg       |  16|   0|   16|          0|
    |ap_return_11_int_reg       |  16|   0|   16|          0|
    |ap_return_12_int_reg       |  16|   0|   16|          0|
    |ap_return_13_int_reg       |  16|   0|   16|          0|
    |ap_return_1_int_reg        |  16|   0|   16|          0|
    |ap_return_2_int_reg        |  16|   0|   16|          0|
    |ap_return_3_int_reg        |  16|   0|   16|          0|
    |ap_return_4_int_reg        |  16|   0|   16|          0|
    |ap_return_5_int_reg        |  16|   0|   16|          0|
    |ap_return_6_int_reg        |  16|   0|   16|          0|
    |ap_return_7_int_reg        |  16|   0|   16|          0|
    |ap_return_8_int_reg        |  16|   0|   16|          0|
    |ap_return_9_int_reg        |  12|   0|   16|          4|
    |p_read10106_reg_20710      |   9|   0|    9|          0|
    |p_read399_reg_20716        |   9|   0|    9|          0|
    |p_read_106_reg_20704       |   9|   0|    9|          0|
    |trunc_ln17_134_reg_20751   |   9|   0|    9|          0|
    |trunc_ln17_140_reg_20767   |   9|   0|    9|          0|
    |trunc_ln17_145_reg_20792   |  10|   0|   10|          0|
    |trunc_ln5_reg_20726        |  11|   0|   11|          0|
    |trunc_ln864_239_reg_20731  |  11|   0|   11|          0|
    |trunc_ln864_244_reg_20736  |  11|   0|   11|          0|
    |trunc_ln864_251_reg_20741  |  11|   0|   11|          0|
    |trunc_ln864_257_reg_20746  |  10|   0|   10|          0|
    |trunc_ln864_261_reg_20761  |  10|   0|   10|          0|
    |trunc_ln864_272_reg_20772  |  10|   0|   10|          0|
    |trunc_ln864_274_reg_20777  |  10|   0|   10|          0|
    |trunc_ln864_275_reg_20782  |  11|   0|   11|          0|
    |trunc_ln864_278_reg_20787  |  10|   0|   10|          0|
    |trunc_ln864_280_reg_20797  |  10|   0|   10|          0|
    |trunc_ln_reg_20721         |  10|   0|   10|          0|
    |zext_ln17_195_reg_20756    |  11|   0|   12|          1|
    +---------------------------+----+----+-----+-----------+
    |Total                      | 716|   0|  721|          5|
    +---------------------------+----+----+-----+-----------+



================================================================
== Interface
================================================================
* Summary: 
+--------------+-----+-----+------------+-----------------------------------------------------------------------------+--------------+
|   RTL Ports  | Dir | Bits|  Protocol  |                                Source Object                                |    C Type    |
+--------------+-----+-----+------------+-----------------------------------------------------------------------------+--------------+
|ap_clk        |   in|    1|  ap_ctrl_hs|  dense_latency<ap_ufixed<9, 0, 4, 0, 0>, ap_fixed<16, 6, 5, 3, 0>, config11>|  return value|
|ap_rst        |   in|    1|  ap_ctrl_hs|  dense_latency<ap_ufixed<9, 0, 4, 0, 0>, ap_fixed<16, 6, 5, 3, 0>, config11>|  return value|
|ap_return_0   |  out|   16|  ap_ctrl_hs|  dense_latency<ap_ufixed<9, 0, 4, 0, 0>, ap_fixed<16, 6, 5, 3, 0>, config11>|  return value|
|ap_return_1   |  out|   16|  ap_ctrl_hs|  dense_latency<ap_ufixed<9, 0, 4, 0, 0>, ap_fixed<16, 6, 5, 3, 0>, config11>|  return value|
|ap_return_2   |  out|   16|  ap_ctrl_hs|  dense_latency<ap_ufixed<9, 0, 4, 0, 0>, ap_fixed<16, 6, 5, 3, 0>, config11>|  return value|
|ap_return_3   |  out|   16|  ap_ctrl_hs|  dense_latency<ap_ufixed<9, 0, 4, 0, 0>, ap_fixed<16, 6, 5, 3, 0>, config11>|  return value|
|ap_return_4   |  out|   16|  ap_ctrl_hs|  dense_latency<ap_ufixed<9, 0, 4, 0, 0>, ap_fixed<16, 6, 5, 3, 0>, config11>|  return value|
|ap_return_5   |  out|   16|  ap_ctrl_hs|  dense_latency<ap_ufixed<9, 0, 4, 0, 0>, ap_fixed<16, 6, 5, 3, 0>, config11>|  return value|
|ap_return_6   |  out|   16|  ap_ctrl_hs|  dense_latency<ap_ufixed<9, 0, 4, 0, 0>, ap_fixed<16, 6, 5, 3, 0>, config11>|  return value|
|ap_return_7   |  out|   16|  ap_ctrl_hs|  dense_latency<ap_ufixed<9, 0, 4, 0, 0>, ap_fixed<16, 6, 5, 3, 0>, config11>|  return value|
|ap_return_8   |  out|   16|  ap_ctrl_hs|  dense_latency<ap_ufixed<9, 0, 4, 0, 0>, ap_fixed<16, 6, 5, 3, 0>, config11>|  return value|
|ap_return_9   |  out|   16|  ap_ctrl_hs|  dense_latency<ap_ufixed<9, 0, 4, 0, 0>, ap_fixed<16, 6, 5, 3, 0>, config11>|  return value|
|ap_return_10  |  out|   16|  ap_ctrl_hs|  dense_latency<ap_ufixed<9, 0, 4, 0, 0>, ap_fixed<16, 6, 5, 3, 0>, config11>|  return value|
|ap_return_11  |  out|   16|  ap_ctrl_hs|  dense_latency<ap_ufixed<9, 0, 4, 0, 0>, ap_fixed<16, 6, 5, 3, 0>, config11>|  return value|
|ap_return_12  |  out|   16|  ap_ctrl_hs|  dense_latency<ap_ufixed<9, 0, 4, 0, 0>, ap_fixed<16, 6, 5, 3, 0>, config11>|  return value|
|ap_return_13  |  out|   16|  ap_ctrl_hs|  dense_latency<ap_ufixed<9, 0, 4, 0, 0>, ap_fixed<16, 6, 5, 3, 0>, config11>|  return value|
|ap_ce         |   in|    1|  ap_ctrl_hs|  dense_latency<ap_ufixed<9, 0, 4, 0, 0>, ap_fixed<16, 6, 5, 3, 0>, config11>|  return value|
|p_read        |   in|    9|     ap_none|                                                                       p_read|        scalar|
|p_read1       |   in|    9|     ap_none|                                                                      p_read1|        scalar|
|p_read2       |   in|    9|     ap_none|                                                                      p_read2|        scalar|
|p_read3       |   in|    9|     ap_none|                                                                      p_read3|        scalar|
|p_read4       |   in|    9|     ap_none|                                                                      p_read4|        scalar|
|p_read5       |   in|    9|     ap_none|                                                                      p_read5|        scalar|
|p_read6       |   in|    9|     ap_none|                                                                      p_read6|        scalar|
|p_read7       |   in|    9|     ap_none|                                                                      p_read7|        scalar|
|p_read8       |   in|    9|     ap_none|                                                                      p_read8|        scalar|
|p_read9       |   in|    9|     ap_none|                                                                      p_read9|        scalar|
|p_read10      |   in|    9|     ap_none|                                                                     p_read10|        scalar|
|p_read11      |   in|    9|     ap_none|                                                                     p_read11|        scalar|
|p_read12      |   in|    9|     ap_none|                                                                     p_read12|        scalar|
|p_read13      |   in|    9|     ap_none|                                                                     p_read13|        scalar|
|p_read14      |   in|    9|     ap_none|                                                                     p_read14|        scalar|
+--------------+-----+-----+------------+-----------------------------------------------------------------------------+--------------+

