

================================================================
== Vitis HLS Report for 'dense_latency_ap_ufixed_9_0_4_0_0_ap_fixed_16_6_5_3_0_config5_s'
================================================================
* Date:           Sat Nov 18 16:01:47 2023

* Version:        2022.1 (Build 3526262 on Mon Apr 18 15:47:01 MDT 2022)
* Project:        tau_nn_prj
* Solution:       solution1 (Vivado IP Flow Target)
* Product family: virtexuplus
* Target device:  xcvu9p-flga2104-2L-e


================================================================
== Performance Estimates
================================================================
+ Timing: 
    * Summary: 
    +--------+---------+----------+------------+
    |  Clock |  Target | Estimated| Uncertainty|
    +--------+---------+----------+------------+
    |ap_clk  |  2.80 ns|  2.305 ns|     0.35 ns|
    +--------+---------+----------+------------+

+ Latency: 
    * Summary: 
    +---------+---------+----------+----------+-----+-----+---------+
    |  Latency (cycles) |  Latency (absolute) |  Interval | Pipeline|
    |   min   |   max   |    min   |    max   | min | max |   Type  |
    +---------+---------+----------+----------+-----+-----+---------+
    |        1|        1|  2.800 ns|  2.800 ns|    1|    1|      yes|
    +---------+---------+----------+----------+-----+-----+---------+

    + Detail: 
        * Instance: 
        N/A

        * Loop: 
        N/A



================================================================
== Utilization Estimates
================================================================
* Summary: 
+---------------------+---------+------+---------+---------+-----+
|         Name        | BRAM_18K|  DSP |    FF   |   LUT   | URAM|
+---------------------+---------+------+---------+---------+-----+
|DSP                  |        -|     -|        -|        -|    -|
|Expression           |        -|     -|        0|     7430|    -|
|FIFO                 |        -|     -|        -|        -|    -|
|Instance             |        -|     0|        0|     4557|    -|
|Memory               |        -|     -|        -|        -|    -|
|Multiplexer          |        -|     -|        -|      350|    -|
|Register             |        -|     -|     1849|        -|    -|
+---------------------+---------+------+---------+---------+-----+
|Total                |        0|     0|     1849|    12337|    0|
+---------------------+---------+------+---------+---------+-----+
|Available SLR        |     1440|  2280|   788160|   394080|  320|
+---------------------+---------+------+---------+---------+-----+
|Utilization SLR (%)  |        0|     0|       ~0|        3|    0|
+---------------------+---------+------+---------+---------+-----+
|Available            |     4320|  6840|  2364480|  1182240|  960|
+---------------------+---------+------+---------+---------+-----+
|Utilization (%)      |        0|     0|       ~0|        1|    0|
+---------------------+---------+------+---------+---------+-----+

+ Detail: 
    * Instance: 
    +-------------------------+--------------------+---------+----+---+----+-----+
    |         Instance        |       Module       | BRAM_18K| DSP| FF| LUT| URAM|
    +-------------------------+--------------------+---------+----+---+----+-----+
    |mul_9ns_5ns_13_1_0_U235  |mul_9ns_5ns_13_1_0  |        0|   0|  0|  49|    0|
    |mul_9ns_5ns_13_1_0_U241  |mul_9ns_5ns_13_1_0  |        0|   0|  0|  49|    0|
    |mul_9ns_5ns_13_1_0_U251  |mul_9ns_5ns_13_1_0  |        0|   0|  0|  49|    0|
    |mul_9ns_5ns_13_1_0_U260  |mul_9ns_5ns_13_1_0  |        0|   0|  0|  49|    0|
    |mul_9ns_5ns_13_1_0_U264  |mul_9ns_5ns_13_1_0  |        0|   0|  0|  49|    0|
    |mul_9ns_5ns_13_1_0_U278  |mul_9ns_5ns_13_1_0  |        0|   0|  0|  49|    0|
    |mul_9ns_5ns_13_1_0_U321  |mul_9ns_5ns_13_1_0  |        0|   0|  0|  49|    0|
    |mul_9ns_5s_14_1_0_U231   |mul_9ns_5s_14_1_0   |        0|   0|  0|  49|    0|
    |mul_9ns_5s_14_1_0_U259   |mul_9ns_5s_14_1_0   |        0|   0|  0|  49|    0|
    |mul_9ns_5s_14_1_0_U275   |mul_9ns_5s_14_1_0   |        0|   0|  0|  49|    0|
    |mul_9ns_5s_14_1_0_U282   |mul_9ns_5s_14_1_0   |        0|   0|  0|  49|    0|
    |mul_9ns_5s_14_1_0_U303   |mul_9ns_5s_14_1_0   |        0|   0|  0|  49|    0|
    |mul_9ns_5s_14_1_0_U315   |mul_9ns_5s_14_1_0   |        0|   0|  0|  49|    0|
    |mul_9ns_6ns_14_1_0_U232  |mul_9ns_6ns_14_1_0  |        0|   0|  0|  49|    0|
    |mul_9ns_6ns_14_1_0_U237  |mul_9ns_6ns_14_1_0  |        0|   0|  0|  49|    0|
    |mul_9ns_6ns_14_1_0_U239  |mul_9ns_6ns_14_1_0  |        0|   0|  0|  49|    0|
    |mul_9ns_6ns_14_1_0_U243  |mul_9ns_6ns_14_1_0  |        0|   0|  0|  49|    0|
    |mul_9ns_6ns_14_1_0_U247  |mul_9ns_6ns_14_1_0  |        0|   0|  0|  49|    0|
    |mul_9ns_6ns_14_1_0_U252  |mul_9ns_6ns_14_1_0  |        0|   0|  0|  49|    0|
    |mul_9ns_6ns_14_1_0_U254  |mul_9ns_6ns_14_1_0  |        0|   0|  0|  49|    0|
    |mul_9ns_6ns_14_1_0_U256  |mul_9ns_6ns_14_1_0  |        0|   0|  0|  49|    0|
    |mul_9ns_6ns_14_1_0_U257  |mul_9ns_6ns_14_1_0  |        0|   0|  0|  49|    0|
    |mul_9ns_6ns_14_1_0_U258  |mul_9ns_6ns_14_1_0  |        0|   0|  0|  49|    0|
    |mul_9ns_6ns_14_1_0_U263  |mul_9ns_6ns_14_1_0  |        0|   0|  0|  49|    0|
    |mul_9ns_6ns_14_1_0_U265  |mul_9ns_6ns_14_1_0  |        0|   0|  0|  49|    0|
    |mul_9ns_6ns_14_1_0_U270  |mul_9ns_6ns_14_1_0  |        0|   0|  0|  49|    0|
    |mul_9ns_6ns_14_1_0_U271  |mul_9ns_6ns_14_1_0  |        0|   0|  0|  49|    0|
    |mul_9ns_6ns_14_1_0_U276  |mul_9ns_6ns_14_1_0  |        0|   0|  0|  49|    0|
    |mul_9ns_6ns_14_1_0_U277  |mul_9ns_6ns_14_1_0  |        0|   0|  0|  49|    0|
    |mul_9ns_6ns_14_1_0_U279  |mul_9ns_6ns_14_1_0  |        0|   0|  0|  49|    0|
    |mul_9ns_6ns_14_1_0_U284  |mul_9ns_6ns_14_1_0  |        0|   0|  0|  49|    0|
    |mul_9ns_6ns_14_1_0_U285  |mul_9ns_6ns_14_1_0  |        0|   0|  0|  49|    0|
    |mul_9ns_6ns_14_1_0_U287  |mul_9ns_6ns_14_1_0  |        0|   0|  0|  49|    0|
    |mul_9ns_6ns_14_1_0_U288  |mul_9ns_6ns_14_1_0  |        0|   0|  0|  49|    0|
    |mul_9ns_6ns_14_1_0_U290  |mul_9ns_6ns_14_1_0  |        0|   0|  0|  49|    0|
    |mul_9ns_6ns_14_1_0_U297  |mul_9ns_6ns_14_1_0  |        0|   0|  0|  49|    0|
    |mul_9ns_6ns_14_1_0_U298  |mul_9ns_6ns_14_1_0  |        0|   0|  0|  49|    0|
    |mul_9ns_6ns_14_1_0_U300  |mul_9ns_6ns_14_1_0  |        0|   0|  0|  49|    0|
    |mul_9ns_6ns_14_1_0_U304  |mul_9ns_6ns_14_1_0  |        0|   0|  0|  49|    0|
    |mul_9ns_6ns_14_1_0_U306  |mul_9ns_6ns_14_1_0  |        0|   0|  0|  49|    0|
    |mul_9ns_6ns_14_1_0_U307  |mul_9ns_6ns_14_1_0  |        0|   0|  0|  49|    0|
    |mul_9ns_6ns_14_1_0_U311  |mul_9ns_6ns_14_1_0  |        0|   0|  0|  49|    0|
    |mul_9ns_6ns_14_1_0_U314  |mul_9ns_6ns_14_1_0  |        0|   0|  0|  49|    0|
    |mul_9ns_6ns_14_1_0_U318  |mul_9ns_6ns_14_1_0  |        0|   0|  0|  49|    0|
    |mul_9ns_6ns_14_1_0_U320  |mul_9ns_6ns_14_1_0  |        0|   0|  0|  49|    0|
    |mul_9ns_6s_15_1_0_U240   |mul_9ns_6s_15_1_0   |        0|   0|  0|  49|    0|
    |mul_9ns_6s_15_1_0_U245   |mul_9ns_6s_15_1_0   |        0|   0|  0|  49|    0|
    |mul_9ns_6s_15_1_0_U249   |mul_9ns_6s_15_1_0   |        0|   0|  0|  49|    0|
    |mul_9ns_6s_15_1_0_U255   |mul_9ns_6s_15_1_0   |        0|   0|  0|  49|    0|
    |mul_9ns_6s_15_1_0_U261   |mul_9ns_6s_15_1_0   |        0|   0|  0|  49|    0|
    |mul_9ns_6s_15_1_0_U262   |mul_9ns_6s_15_1_0   |        0|   0|  0|  49|    0|
    |mul_9ns_6s_15_1_0_U269   |mul_9ns_6s_15_1_0   |        0|   0|  0|  49|    0|
    |mul_9ns_6s_15_1_0_U273   |mul_9ns_6s_15_1_0   |        0|   0|  0|  49|    0|
    |mul_9ns_6s_15_1_0_U280   |mul_9ns_6s_15_1_0   |        0|   0|  0|  49|    0|
    |mul_9ns_6s_15_1_0_U281   |mul_9ns_6s_15_1_0   |        0|   0|  0|  49|    0|
    |mul_9ns_6s_15_1_0_U286   |mul_9ns_6s_15_1_0   |        0|   0|  0|  49|    0|
    |mul_9ns_6s_15_1_0_U289   |mul_9ns_6s_15_1_0   |        0|   0|  0|  49|    0|
    |mul_9ns_6s_15_1_0_U292   |mul_9ns_6s_15_1_0   |        0|   0|  0|  49|    0|
    |mul_9ns_6s_15_1_0_U294   |mul_9ns_6s_15_1_0   |        0|   0|  0|  49|    0|
    |mul_9ns_6s_15_1_0_U295   |mul_9ns_6s_15_1_0   |        0|   0|  0|  49|    0|
    |mul_9ns_6s_15_1_0_U301   |mul_9ns_6s_15_1_0   |        0|   0|  0|  49|    0|
    |mul_9ns_6s_15_1_0_U305   |mul_9ns_6s_15_1_0   |        0|   0|  0|  49|    0|
    |mul_9ns_6s_15_1_0_U312   |mul_9ns_6s_15_1_0   |        0|   0|  0|  49|    0|
    |mul_9ns_6s_15_1_0_U316   |mul_9ns_6s_15_1_0   |        0|   0|  0|  49|    0|
    |mul_9ns_7ns_15_1_0_U234  |mul_9ns_7ns_15_1_0  |        0|   0|  0|  49|    0|
    |mul_9ns_7ns_15_1_0_U238  |mul_9ns_7ns_15_1_0  |        0|   0|  0|  49|    0|
    |mul_9ns_7ns_15_1_0_U242  |mul_9ns_7ns_15_1_0  |        0|   0|  0|  49|    0|
    |mul_9ns_7ns_15_1_0_U244  |mul_9ns_7ns_15_1_0  |        0|   0|  0|  49|    0|
    |mul_9ns_7ns_15_1_0_U248  |mul_9ns_7ns_15_1_0  |        0|   0|  0|  49|    0|
    |mul_9ns_7ns_15_1_0_U272  |mul_9ns_7ns_15_1_0  |        0|   0|  0|  49|    0|
    |mul_9ns_7ns_15_1_0_U274  |mul_9ns_7ns_15_1_0  |        0|   0|  0|  49|    0|
    |mul_9ns_7ns_15_1_0_U299  |mul_9ns_7ns_15_1_0  |        0|   0|  0|  49|    0|
    |mul_9ns_7ns_15_1_0_U310  |mul_9ns_7ns_15_1_0  |        0|   0|  0|  49|    0|
    |mul_9ns_7ns_15_1_0_U317  |mul_9ns_7ns_15_1_0  |        0|   0|  0|  49|    0|
    |mul_9ns_7ns_15_1_0_U319  |mul_9ns_7ns_15_1_0  |        0|   0|  0|  49|    0|
    |mul_9ns_7ns_15_1_0_U322  |mul_9ns_7ns_15_1_0  |        0|   0|  0|  49|    0|
    |mul_9ns_7s_16_1_0_U236   |mul_9ns_7s_16_1_0   |        0|   0|  0|  49|    0|
    |mul_9ns_7s_16_1_0_U246   |mul_9ns_7s_16_1_0   |        0|   0|  0|  49|    0|
    |mul_9ns_7s_16_1_0_U253   |mul_9ns_7s_16_1_0   |        0|   0|  0|  49|    0|
    |mul_9ns_7s_16_1_0_U266   |mul_9ns_7s_16_1_0   |        0|   0|  0|  49|    0|
    |mul_9ns_7s_16_1_0_U268   |mul_9ns_7s_16_1_0   |        0|   0|  0|  49|    0|
    |mul_9ns_7s_16_1_0_U283   |mul_9ns_7s_16_1_0   |        0|   0|  0|  49|    0|
    |mul_9ns_7s_16_1_0_U291   |mul_9ns_7s_16_1_0   |        0|   0|  0|  49|    0|
    |mul_9ns_7s_16_1_0_U293   |mul_9ns_7s_16_1_0   |        0|   0|  0|  49|    0|
    |mul_9ns_7s_16_1_0_U296   |mul_9ns_7s_16_1_0   |        0|   0|  0|  49|    0|
    |mul_9ns_7s_16_1_0_U302   |mul_9ns_7s_16_1_0   |        0|   0|  0|  49|    0|
    |mul_9ns_7s_16_1_0_U308   |mul_9ns_7s_16_1_0   |        0|   0|  0|  49|    0|
    |mul_9ns_7s_16_1_0_U309   |mul_9ns_7s_16_1_0   |        0|   0|  0|  49|    0|
    |mul_9ns_7s_16_1_0_U313   |mul_9ns_7s_16_1_0   |        0|   0|  0|  49|    0|
    |mul_9ns_7s_16_1_0_U323   |mul_9ns_7s_16_1_0   |        0|   0|  0|  49|    0|
    |mul_9ns_8ns_16_1_0_U233  |mul_9ns_8ns_16_1_0  |        0|   0|  0|  49|    0|
    |mul_9ns_8s_17_1_0_U250   |mul_9ns_8s_17_1_0   |        0|   0|  0|  49|    0|
    |mul_9ns_8s_17_1_0_U267   |mul_9ns_8s_17_1_0   |        0|   0|  0|  49|    0|
    +-------------------------+--------------------+---------+----+---+----+-----+
    |Total                    |                    |        0|   0|  0|4557|    0|
    +-------------------------+--------------------+---------+----+---+----+-----+

    * DSP: 
    N/A

    * Memory: 
    N/A

    * FIFO: 
    N/A

    * Expression: 
    +----------------------------+----------+----+---+----+------------+------------+
    |        Variable Name       | Operation| DSP| FF| LUT| Bitwidth P0| Bitwidth P1|
    +----------------------------+----------+----+---+----+------------+------------+
    |add_ln859_150_fu_99901_p2   |         +|   0|  0|  19|          12|          12|
    |add_ln859_151_fu_100956_p2  |         +|   0|  0|  17|          12|          12|
    |add_ln859_152_fu_100961_p2  |         +|   0|  0|  17|          12|          12|
    |add_ln859_153_fu_99907_p2   |         +|   0|  0|  19|          12|          12|
    |add_ln859_154_fu_100974_p2  |         +|   0|  0|  17|          13|          13|
    |add_ln859_155_fu_99913_p2   |         +|   0|  0|  17|          10|           7|
    |add_ln859_156_fu_99923_p2   |         +|   0|  0|  19|          12|          12|
    |add_ln859_157_fu_100983_p2  |         +|   0|  0|  17|          13|          13|
    |add_ln859_158_fu_100993_p2  |         +|   0|  0|  21|          14|          14|
    |add_ln859_159_fu_99929_p2   |         +|   0|  0|  17|          10|          10|
    |add_ln859_160_fu_101006_p2  |         +|   0|  0|  19|          12|          12|
    |add_ln859_161_fu_99935_p2   |         +|   0|  0|  19|          12|          12|
    |add_ln859_162_fu_101019_p2  |         +|   0|  0|  17|          13|          13|
    |add_ln859_163_fu_101025_p2  |         +|   0|  0|  17|          13|          13|
    |add_ln859_164_fu_99941_p2   |         +|   0|  0|  17|          10|          10|
    |add_ln859_165_fu_101038_p2  |         +|   0|  0|  18|          11|          11|
    |add_ln859_166_fu_99947_p2   |         +|   0|  0|  17|          10|           7|
    |add_ln859_167_fu_99957_p2   |         +|   0|  0|  18|          11|          11|
    |add_ln859_168_fu_101051_p2  |         +|   0|  0|  19|          12|          12|
    |add_ln859_169_fu_101061_p2  |         +|   0|  0|  22|          15|          15|
    |add_ln859_170_fu_101071_p2  |         +|   0|  0|  17|          12|          12|
    |add_ln859_171_fu_99963_p2   |         +|   0|  0|  16|           9|           9|
    |add_ln859_172_fu_101080_p2  |         +|   0|  0|  17|          10|          10|
    |add_ln859_173_fu_101090_p2  |         +|   0|  0|  17|          12|          12|
    |add_ln859_174_fu_99969_p2   |         +|   0|  0|  18|          11|          11|
    |add_ln859_175_fu_101103_p2  |         +|   0|  0|  19|          12|          12|
    |add_ln859_176_fu_99975_p2   |         +|   0|  0|  17|          10|           8|
    |add_ln859_177_fu_99985_p2   |         +|   0|  0|  19|          12|          12|
    |add_ln859_178_fu_101116_p2  |         +|   0|  0|  20|          13|          13|
    |add_ln859_179_fu_101126_p2  |         +|   0|  0|  21|          14|          14|
    |add_ln859_180_fu_99991_p2   |         +|   0|  0|  17|          13|          13|
    |add_ln859_181_fu_99997_p2   |         +|   0|  0|  17|          13|          13|
    |add_ln859_182_fu_100003_p2  |         +|   0|  0|  17|          11|           8|
    |add_ln859_183_fu_100009_p2  |         +|   0|  0|  17|          11|          11|
    |add_ln859_184_fu_101142_p2  |         +|   0|  0|  21|          14|          14|
    |add_ln859_185_fu_100015_p2  |         +|   0|  0|  17|          10|          10|
    |add_ln859_186_fu_100021_p2  |         +|   0|  0|  19|          12|          12|
    |add_ln859_187_fu_101155_p2  |         +|   0|  0|  17|          12|          12|
    |add_ln859_188_fu_101160_p2  |         +|   0|  0|  17|          12|          12|
    |add_ln859_189_fu_100027_p2  |         +|   0|  0|  19|          12|          12|
    |add_ln859_190_fu_100037_p2  |         +|   0|  0|  17|          13|          13|
    |add_ln859_191_fu_100043_p2  |         +|   0|  0|  17|          12|           6|
    |add_ln859_192_fu_100049_p2  |         +|   0|  0|  17|          12|          12|
    |add_ln859_193_fu_100059_p2  |         +|   0|  0|  17|          13|          13|
    |add_ln859_194_fu_101173_p2  |         +|   0|  0|  21|          14|          14|
    |add_ln859_195_fu_100065_p2  |         +|   0|  0|  17|          10|          10|
    |add_ln859_196_fu_100071_p2  |         +|   0|  0|  19|          12|          12|
    |add_ln859_197_fu_101189_p2  |         +|   0|  0|  17|          13|          13|
    |add_ln859_198_fu_101195_p2  |         +|   0|  0|  17|          13|          13|
    |add_ln859_199_fu_100077_p2  |         +|   0|  0|  19|          12|          12|
    |add_ln859_200_fu_100083_p2  |         +|   0|  0|  17|          10|           8|
    |add_ln859_201_fu_100093_p2  |         +|   0|  0|  18|          11|          11|
    |add_ln859_202_fu_101211_p2  |         +|   0|  0|  20|          13|          13|
    |add_ln859_203_fu_101221_p2  |         +|   0|  0|  22|          15|          15|
    |add_ln859_204_fu_100099_p2  |         +|   0|  0|  17|          12|          12|
    |add_ln859_205_fu_100105_p2  |         +|   0|  0|  17|          12|          12|
    |add_ln859_206_fu_100111_p2  |         +|   0|  0|  17|          12|          12|
    |add_ln859_207_fu_100117_p2  |         +|   0|  0|  18|          11|           7|
    |add_ln859_208_fu_100127_p2  |         +|   0|  0|  17|          12|          12|
    |add_ln859_209_fu_101237_p2  |         +|   0|  0|  21|          14|          14|
    |add_ln859_210_fu_100133_p2  |         +|   0|  0|  17|          10|          10|
    |add_ln859_211_fu_100139_p2  |         +|   0|  0|  19|          12|          12|
    |add_ln859_212_fu_101250_p2  |         +|   0|  0|  17|          12|          12|
    |add_ln859_213_fu_101255_p2  |         +|   0|  0|  17|          12|          12|
    |add_ln859_214_fu_100145_p2  |         +|   0|  0|  18|          11|          11|
    |add_ln859_215_fu_100151_p2  |         +|   0|  0|  18|          11|          11|
    |add_ln859_216_fu_101271_p2  |         +|   0|  0|  19|          12|          12|
    |add_ln859_217_fu_101281_p2  |         +|   0|  0|  20|          13|          13|
    |add_ln859_218_fu_101291_p2  |         +|   0|  0|  21|          14|          14|
    |add_ln859_219_fu_100157_p2  |         +|   0|  0|  19|          12|          12|
    |add_ln859_220_fu_100163_p2  |         +|   0|  0|  19|          12|          12|
    |add_ln859_221_fu_101307_p2  |         +|   0|  0|  20|          13|          13|
    |add_ln859_222_fu_101317_p2  |         +|   0|  0|  16|          14|          14|
    |add_ln859_223_fu_100169_p2  |         +|   0|  0|  17|          12|          12|
    |add_ln859_224_fu_100175_p2  |         +|   0|  0|  17|          12|          12|
    |add_ln859_225_fu_100181_p2  |         +|   0|  0|  17|          10|           6|
    |add_ln859_226_fu_100191_p2  |         +|   0|  0|  18|          11|          11|
    |add_ln859_227_fu_101329_p2  |         +|   0|  0|  20|          13|          13|
    |add_ln859_228_fu_101339_p2  |         +|   0|  0|  16|          14|          14|
    |add_ln859_229_fu_100197_p2  |         +|   0|  0|  16|           9|           9|
    |add_ln859_230_fu_100203_p2  |         +|   0|  0|  19|          12|          12|
    |add_ln859_231_fu_101352_p2  |         +|   0|  0|  17|          12|          12|
    |add_ln859_232_fu_101357_p2  |         +|   0|  0|  17|          12|          12|
    |add_ln859_233_fu_100209_p2  |         +|   0|  0|  17|          10|          10|
    |add_ln859_234_fu_101370_p2  |         +|   0|  0|  19|          12|           7|
    |add_ln859_235_fu_101376_p2  |         +|   0|  0|  17|          12|          12|
    |add_ln859_236_fu_101382_p2  |         +|   0|  0|  17|          12|          12|
    |add_ln859_237_fu_101392_p2  |         +|   0|  0|  21|          14|          14|
    |add_ln859_238_fu_100215_p2  |         +|   0|  0|  17|          12|          12|
    |add_ln859_239_fu_100221_p2  |         +|   0|  0|  17|          12|          12|
    |add_ln859_240_fu_100227_p2  |         +|   0|  0|  17|          11|          11|
    |add_ln859_241_fu_100233_p2  |         +|   0|  0|  17|          11|          11|
    |add_ln859_242_fu_101408_p2  |         +|   0|  0|  20|          13|          13|
    |add_ln859_243_fu_100239_p2  |         +|   0|  0|  20|          13|          13|
    |add_ln859_244_fu_101421_p2  |         +|   0|  0|  16|          14|          14|
    |add_ln859_245_fu_100245_p2  |         +|   0|  0|  18|          11|           5|
    |add_ln859_246_fu_101430_p2  |         +|   0|  0|  19|          12|          12|
    |add_ln859_247_fu_101440_p2  |         +|   0|  0|  16|          14|          14|
    |add_ln859_248_fu_101450_p2  |         +|   0|  0|  22|          15|          15|
    |add_ln859_249_fu_100251_p2  |         +|   0|  0|  19|          12|          12|
    |add_ln859_250_fu_101463_p2  |         +|   0|  0|  20|          13|          13|
    |add_ln859_251_fu_100257_p2  |         +|   0|  0|  19|          12|          12|
    |add_ln859_252_fu_100263_p2  |         +|   0|  0|  18|          11|          11|
    |add_ln859_253_fu_101479_p2  |         +|   0|  0|  20|          13|          13|
    |add_ln859_254_fu_101489_p2  |         +|   0|  0|  21|          14|          14|
    |add_ln859_255_fu_100269_p2  |         +|   0|  0|  18|          11|          11|
    |add_ln859_256_fu_100275_p2  |         +|   0|  0|  18|          11|          11|
    |add_ln859_257_fu_101505_p2  |         +|   0|  0|  19|          12|          12|
    |add_ln859_258_fu_100281_p2  |         +|   0|  0|  18|          11|          11|
    |add_ln859_259_fu_100287_p2  |         +|   0|  0|  18|          11|           8|
    |add_ln859_260_fu_101521_p2  |         +|   0|  0|  19|          12|          12|
    |add_ln859_261_fu_101531_p2  |         +|   0|  0|  20|          13|          13|
    |add_ln859_262_fu_101541_p2  |         +|   0|  0|  22|          15|          15|
    |add_ln859_263_fu_100293_p2  |         +|   0|  0|  16|           9|           9|
    |add_ln859_264_fu_100303_p2  |         +|   0|  0|  18|          11|          11|
    |add_ln859_265_fu_100309_p2  |         +|   0|  0|  17|          10|          10|
    |add_ln859_266_fu_101557_p2  |         +|   0|  0|  19|          12|          12|
    |add_ln859_267_fu_101567_p2  |         +|   0|  0|  20|          13|          13|
    |add_ln859_268_fu_100315_p2  |         +|   0|  0|  17|          12|          12|
    |add_ln859_269_fu_100321_p2  |         +|   0|  0|  17|          12|          12|
    |add_ln859_270_fu_100327_p2  |         +|   0|  0|  18|          11|           9|
    |add_ln859_271_fu_101583_p2  |         +|   0|  0|  19|          12|          12|
    |add_ln859_272_fu_101593_p2  |         +|   0|  0|  20|          13|          13|
    |add_ln859_273_fu_101603_p2  |         +|   0|  0|  21|          14|          14|
    |add_ln859_274_fu_100333_p2  |         +|   0|  0|  17|          10|          10|
    |add_ln859_275_fu_100339_p2  |         +|   0|  0|  18|          11|          11|
    |add_ln859_276_fu_101619_p2  |         +|   0|  0|  19|          12|          12|
    |add_ln859_277_fu_101629_p2  |         +|   0|  0|  20|          13|          13|
    |add_ln859_278_fu_100345_p2  |         +|   0|  0|  18|          11|          11|
    |add_ln859_279_fu_100351_p2  |         +|   0|  0|  16|           9|           8|
    |add_ln859_280_fu_100361_p2  |         +|   0|  0|  18|          11|          11|
    |add_ln859_281_fu_101645_p2  |         +|   0|  0|  19|          12|          12|
    |add_ln859_282_fu_101655_p2  |         +|   0|  0|  21|          14|          14|
    |add_ln859_283_fu_100367_p2  |         +|   0|  0|  18|          10|          10|
    |add_ln859_284_fu_100373_p2  |         +|   0|  0|  18|          10|          10|
    |add_ln859_285_fu_100379_p2  |         +|   0|  0|  17|          10|          10|
    |add_ln859_286_fu_101671_p2  |         +|   0|  0|  18|          11|          11|
    |add_ln859_287_fu_101681_p2  |         +|   0|  0|  19|          12|          12|
    |add_ln859_288_fu_100385_p2  |         +|   0|  0|  17|          10|          10|
    |add_ln859_289_fu_101694_p2  |         +|   0|  0|  18|          11|          11|
    |add_ln859_290_fu_100391_p2  |         +|   0|  0|  17|          10|           7|
    |add_ln859_291_fu_100401_p2  |         +|   0|  0|  18|          11|          11|
    |add_ln859_292_fu_101707_p2  |         +|   0|  0|  19|          12|          12|
    |add_ln859_293_fu_101717_p2  |         +|   0|  0|  20|          13|          13|
    |add_ln859_294_fu_101727_p2  |         +|   0|  0|  17|          10|          10|
    |add_ln859_295_fu_100407_p2  |         +|   0|  0|  17|          10|          10|
    |add_ln859_296_fu_101740_p2  |         +|   0|  0|  18|          11|          11|
    |add_ln859_297_fu_101750_p2  |         +|   0|  0|  19|          12|          12|
    |add_ln859_298_fu_100413_p2  |         +|   0|  0|  18|          10|          10|
    |add_ln859_299_fu_100419_p2  |         +|   0|  0|  18|          10|          10|
    |add_ln859_300_fu_100425_p2  |         +|   0|  0|  17|          10|           7|
    |add_ln859_301_fu_100435_p2  |         +|   0|  0|  18|          11|          11|
    |add_ln859_302_fu_101766_p2  |         +|   0|  0|  19|          12|          12|
    |add_ln859_303_fu_101776_p2  |         +|   0|  0|  21|          14|          14|
    |add_ln859_304_fu_100441_p2  |         +|   0|  0|  18|          11|          11|
    |add_ln859_305_fu_101789_p2  |         +|   0|  0|  19|          12|          12|
    |add_ln859_306_fu_100447_p2  |         +|   0|  0|  17|          10|          10|
    |add_ln859_307_fu_100457_p2  |         +|   0|  0|  18|          11|          11|
    |add_ln859_308_fu_101802_p2  |         +|   0|  0|  20|          13|          13|
    |add_ln859_309_fu_100463_p2  |         +|   0|  0|  18|          11|          11|
    |add_ln859_310_fu_101815_p2  |         +|   0|  0|  19|          12|          12|
    |add_ln859_311_fu_100469_p2  |         +|   0|  0|  17|          10|           8|
    |add_ln859_312_fu_100479_p2  |         +|   0|  0|  18|          11|          11|
    |add_ln859_313_fu_101828_p2  |         +|   0|  0|  20|          13|          13|
    |add_ln859_314_fu_101838_p2  |         +|   0|  0|  21|          14|          14|
    |add_ln859_315_fu_100485_p2  |         +|   0|  0|  18|          10|          10|
    |add_ln859_316_fu_100491_p2  |         +|   0|  0|  18|          10|          10|
    |add_ln859_317_fu_100497_p2  |         +|   0|  0|  19|          12|          12|
    |add_ln859_318_fu_100503_p2  |         +|   0|  0|  18|          11|          11|
    |add_ln859_319_fu_101857_p2  |         +|   0|  0|  20|          13|          13|
    |add_ln859_320_fu_101867_p2  |         +|   0|  0|  21|          14|          14|
    |add_ln859_321_fu_100509_p2  |         +|   0|  0|  17|          10|          10|
    |add_ln859_322_fu_101880_p2  |         +|   0|  0|  17|          12|          12|
    |add_ln859_323_fu_101886_p2  |         +|   0|  0|  17|          12|          12|
    |add_ln859_324_fu_100515_p2  |         +|   0|  0|  17|          13|          13|
    |add_ln859_325_fu_100521_p2  |         +|   0|  0|  17|          10|           7|
    |add_ln859_326_fu_100531_p2  |         +|   0|  0|  17|          13|          13|
    |add_ln859_327_fu_101899_p2  |         +|   0|  0|  21|          14|          14|
    |add_ln859_328_fu_101909_p2  |         +|   0|  0|  22|          15|          15|
    |add_ln859_329_fu_100537_p2  |         +|   0|  0|  19|          12|          12|
    |add_ln859_330_fu_100547_p2  |         +|   0|  0|  20|          13|          13|
    |add_ln859_331_fu_100553_p2  |         +|   0|  0|  20|          13|          13|
    |add_ln859_332_fu_101925_p2  |         +|   0|  0|  21|          14|          14|
    |add_ln859_333_fu_101935_p2  |         +|   0|  0|  16|          15|          15|
    |add_ln859_334_fu_100559_p2  |         +|   0|  0|  18|          11|          11|
    |add_ln859_335_fu_101944_p2  |         +|   0|  0|  19|          12|          12|
    |add_ln859_336_fu_100565_p2  |         +|   0|  0|  17|          12|           8|
    |add_ln859_337_fu_100571_p2  |         +|   0|  0|  17|          12|          12|
    |add_ln859_338_fu_101957_p2  |         +|   0|  0|  20|          13|          13|
    |add_ln859_339_fu_101967_p2  |         +|   0|  0|  16|          15|          15|
    |add_ln859_340_fu_100577_p2  |         +|   0|  0|  17|          10|          10|
    |add_ln859_341_fu_101980_p2  |         +|   0|  0|  17|          11|          11|
    |add_ln859_342_fu_100583_p2  |         +|   0|  0|  18|          10|          10|
    |add_ln859_343_fu_100589_p2  |         +|   0|  0|  18|          10|          10|
    |add_ln859_344_fu_101989_p2  |         +|   0|  0|  17|          11|          11|
    |add_ln859_345_fu_100595_p2  |         +|   0|  0|  19|          12|          12|
    |add_ln859_346_fu_102002_p2  |         +|   0|  0|  20|          13|          13|
    |add_ln859_347_fu_100601_p2  |         +|   0|  0|  19|          12|          12|
    |add_ln859_348_fu_102015_p2  |         +|   0|  0|  18|          11|           8|
    |add_ln859_349_fu_102025_p2  |         +|   0|  0|  20|          13|          13|
    |add_ln859_350_fu_102035_p2  |         +|   0|  0|  16|          14|          14|
    |add_ln859_351_fu_102041_p2  |         +|   0|  0|  16|          14|          14|
    |add_ln859_352_fu_100607_p2  |         +|   0|  0|  18|          11|          11|
    |add_ln859_353_fu_102054_p2  |         +|   0|  0|  17|          12|          12|
    |add_ln859_354_fu_102060_p2  |         +|   0|  0|  17|          12|          12|
    |add_ln859_355_fu_100613_p2  |         +|   0|  0|  19|          12|          12|
    |add_ln859_356_fu_100619_p2  |         +|   0|  0|  17|          12|           9|
    |add_ln859_357_fu_100625_p2  |         +|   0|  0|  17|          12|          12|
    |add_ln859_358_fu_102076_p2  |         +|   0|  0|  20|          13|          13|
    |add_ln859_359_fu_102086_p2  |         +|   0|  0|  21|          14|          14|
    |add_ln859_360_fu_102096_p2  |         +|   0|  0|  19|          12|          12|
    |add_ln859_361_fu_100631_p2  |         +|   0|  0|  18|          11|          11|
    |add_ln859_362_fu_102109_p2  |         +|   0|  0|  19|          12|          12|
    |add_ln859_363_fu_102119_p2  |         +|   0|  0|  20|          13|          13|
    |add_ln859_364_fu_100637_p2  |         +|   0|  0|  18|          11|          11|
    |add_ln859_365_fu_100643_p2  |         +|   0|  0|  17|          12|           8|
    |add_ln859_366_fu_100649_p2  |         +|   0|  0|  17|          12|          12|
    |add_ln859_367_fu_102135_p2  |         +|   0|  0|  20|          13|          13|
    |add_ln859_368_fu_102145_p2  |         +|   0|  0|  22|          15|          15|
    |add_ln859_369_fu_100655_p2  |         +|   0|  0|  17|          13|          13|
    |add_ln859_370_fu_100661_p2  |         +|   0|  0|  17|          13|          13|
    |add_ln859_371_fu_100667_p2  |         +|   0|  0|  18|          11|          11|
    |add_ln859_372_fu_102161_p2  |         +|   0|  0|  19|          12|          12|
    |add_ln859_373_fu_102171_p2  |         +|   0|  0|  16|          14|          14|
    |add_ln859_374_fu_100673_p2  |         +|   0|  0|  17|          11|          11|
    |add_ln859_375_fu_100679_p2  |         +|   0|  0|  17|          11|          11|
    |add_ln859_376_fu_100689_p2  |         +|   0|  0|  18|          10|           8|
    |add_ln859_377_fu_100695_p2  |         +|   0|  0|  18|          10|          10|
    |add_ln859_378_fu_100705_p2  |         +|   0|  0|  19|          12|          12|
    |add_ln859_379_fu_102180_p2  |         +|   0|  0|  16|          14|          14|
    |add_ln859_380_fu_100711_p2  |         +|   0|  0|  17|          10|          10|
    |add_ln859_381_fu_102193_p2  |         +|   0|  0|  19|          12|          12|
    |add_ln859_382_fu_100717_p2  |         +|   0|  0|  17|          12|          12|
    |add_ln859_383_fu_100723_p2  |         +|   0|  0|  17|          10|           8|
    |add_ln859_384_fu_100733_p2  |         +|   0|  0|  17|          12|          12|
    |add_ln859_385_fu_102206_p2  |         +|   0|  0|  21|          14|          14|
    |add_ln859_386_fu_100739_p2  |         +|   0|  0|  17|          10|          10|
    |add_ln859_387_fu_102219_p2  |         +|   0|  0|  18|          11|          11|
    |add_ln859_388_fu_100745_p2  |         +|   0|  0|  19|          12|          12|
    |add_ln859_389_fu_102232_p2  |         +|   0|  0|  20|          13|          13|
    |add_ln859_390_fu_102242_p2  |         +|   0|  0|  16|          14|          14|
    |add_ln859_391_fu_100751_p2  |         +|   0|  0|  18|          11|          11|
    |add_ln859_392_fu_102251_p2  |         +|   0|  0|  19|          12|          12|
    |add_ln859_393_fu_100757_p2  |         +|   0|  0|  19|          12|          12|
    |add_ln859_394_fu_102264_p2  |         +|   0|  0|  18|          11|           7|
    |add_ln859_395_fu_102274_p2  |         +|   0|  0|  17|          13|          13|
    |add_ln859_396_fu_102280_p2  |         +|   0|  0|  17|          13|          13|
    |add_ln859_397_fu_102290_p2  |         +|   0|  0|  16|          14|          14|
    |add_ln859_fu_99895_p2       |         +|   0|  0|  17|          10|          10|
    |add_ln864_20_fu_94858_p2    |         +|   0|  0|  22|          15|          15|
    |add_ln864_21_fu_95099_p2    |         +|   0|  0|  21|          14|          14|
    |add_ln864_22_fu_95169_p2    |         +|   0|  0|  21|          14|          14|
    |add_ln864_23_fu_95307_p2    |         +|   0|  0|  21|          14|          14|
    |add_ln864_24_fu_95502_p2    |         +|   0|  0|  21|          14|          14|
    |add_ln864_25_fu_95534_p2    |         +|   0|  0|  20|          13|          13|
    |add_ln864_26_fu_95637_p2    |         +|   0|  0|  19|          12|          12|
    |add_ln864_27_fu_95835_p2    |         +|   0|  0|  21|          14|          14|
    |add_ln864_28_fu_95896_p2    |         +|   0|  0|  21|          14|          14|
    |add_ln864_29_fu_96060_p2    |         +|   0|  0|  20|          13|          13|
    |add_ln864_30_fu_96828_p2    |         +|   0|  0|  21|          14|          14|
    |add_ln864_31_fu_97062_p2    |         +|   0|  0|  21|          14|          14|
    |add_ln864_32_fu_97242_p2    |         +|   0|  0|  21|          14|          14|
    |add_ln864_33_fu_97558_p2    |         +|   0|  0|  20|          13|          13|
    |add_ln864_34_fu_97830_p2    |         +|   0|  0|  21|          14|          14|
    |add_ln864_35_fu_98037_p2    |         +|   0|  0|  19|          12|          12|
    |add_ln864_36_fu_98053_p2    |         +|   0|  0|  21|          14|          14|
    |add_ln864_37_fu_98165_p2    |         +|   0|  0|  20|          13|          13|
    |add_ln864_38_fu_98596_p2    |         +|   0|  0|  21|          14|          14|
    |add_ln864_39_fu_98680_p2    |         +|   0|  0|  21|          14|          14|
    |add_ln864_40_fu_98844_p2    |         +|   0|  0|  21|          14|          14|
    |add_ln864_41_fu_98957_p2    |         +|   0|  0|  21|          14|          14|
    |add_ln864_42_fu_99214_p2    |         +|   0|  0|  21|          14|          14|
    |add_ln864_43_fu_99644_p2    |         +|   0|  0|  21|          14|          14|
    |add_ln864_44_fu_99855_p2    |         +|   0|  0|  22|          15|          15|
    |add_ln864_45_fu_99879_p2    |         +|   0|  0|  22|          15|          15|
    |add_ln864_fu_94375_p2       |         +|   0|  0|  22|          15|          15|
    |r_V_100_fu_95988_p2         |         -|   0|  0|  22|          15|          15|
    |r_V_101_fu_96008_p2         |         -|   0|  0|  21|          14|          14|
    |r_V_102_fu_96028_p2         |         -|   0|  0|  22|          15|          15|
    |r_V_103_fu_96212_p2         |         -|   0|  0|  21|          14|          14|
    |r_V_104_fu_96262_p2         |         -|   0|  0|  23|          16|          16|
    |r_V_105_fu_96296_p2         |         -|   0|  0|  21|           1|          14|
    |r_V_106_fu_96328_p2         |         -|   0|  0|  22|          15|          15|
    |r_V_108_fu_96376_p2         |         -|   0|  0|  22|          15|          15|
    |r_V_110_fu_96432_p2         |         -|   0|  0|  17|           1|          10|
    |r_V_111_fu_96526_p2         |         -|   0|  0|  23|          16|          16|
    |r_V_114_fu_96634_p2         |         -|   0|  0|  21|          14|          14|
    |r_V_116_fu_96738_p2         |         -|   0|  0|  22|          15|          15|
    |r_V_120_fu_96876_p2         |         -|   0|  0|  21|          14|          14|
    |r_V_121_fu_96716_p2         |         -|   0|  0|  21|           1|          14|
    |r_V_123_fu_97096_p2         |         -|   0|  0|  21|          14|          14|
    |r_V_124_fu_97142_p2         |         -|   0|  0|  22|          15|          15|
    |r_V_125_fu_97116_p2         |         -|   0|  0|  21|           1|          14|
    |r_V_126_fu_97188_p2         |         -|   0|  0|  21|          14|          14|
    |r_V_128_fu_97312_p2         |         -|   0|  0|  20|          13|          13|
    |r_V_130_fu_97366_p2         |         -|   0|  0|  22|          15|          15|
    |r_V_131_fu_97356_p2         |         -|   0|  0|  21|           1|          14|
    |r_V_132_fu_97404_p2         |         -|   0|  0|  21|          14|          14|
    |r_V_133_fu_97424_p2         |         -|   0|  0|  20|           1|          13|
    |r_V_135_fu_97494_p2         |         -|   0|  0|  22|          15|          15|
    |r_V_136_fu_97600_p2         |         -|   0|  0|  21|          14|          14|
    |r_V_137_fu_97698_p2         |         -|   0|  0|  21|          14|          14|
    |r_V_138_fu_97730_p2         |         -|   0|  0|  20|           1|          13|
    |r_V_140_fu_97891_p2         |         -|   0|  0|  22|           1|          15|
    |r_V_143_fu_98017_p2         |         -|   0|  0|  22|          15|          15|
    |r_V_144_fu_98077_p2         |         -|   0|  0|  23|          16|          16|
    |r_V_145_fu_98207_p2         |         -|   0|  0|  23|          16|          16|
    |r_V_148_fu_98448_p2         |         -|   0|  0|  21|          14|          14|
    |r_V_151_fu_98552_p2         |         -|   0|  0|  21|          14|          14|
    |r_V_152_fu_98636_p2         |         -|   0|  0|  22|          15|          15|
    |r_V_154_fu_98730_p2         |         -|   0|  0|  18|           1|          11|
    |r_V_158_fu_98977_p2         |         -|   0|  0|  21|          14|          14|
    |r_V_160_fu_99098_p2         |         -|   0|  0|  21|          14|          14|
    |r_V_161_fu_99158_p2         |         -|   0|  0|  22|           1|          15|
    |r_V_162_fu_99248_p2         |         -|   0|  0|  22|          15|          15|
    |r_V_164_fu_99319_p2         |         -|   0|  0|  21|           1|          14|
    |r_V_165_fu_99388_p2         |         -|   0|  0|  22|          15|          15|
    |r_V_168_fu_99488_p2         |         -|   0|  0|  20|          13|          13|
    |r_V_169_fu_99550_p2         |         -|   0|  0|  21|          14|          14|
    |r_V_170_fu_99668_p2         |         -|   0|  0|  19|          12|          12|
    |r_V_171_fu_99698_p2         |         -|   0|  0|  22|          15|          15|
    |r_V_172_fu_99688_p2         |         -|   0|  0|  21|           1|          14|
    |r_V_173_fu_99781_p2         |         -|   0|  0|  22|          15|          15|
    |r_V_174_fu_99821_p2         |         -|   0|  0|  23|          16|          16|
    |r_V_71_fu_94433_p2          |         -|   0|  0|  23|          16|          16|
    |r_V_72_fu_94497_p2          |         -|   0|  0|  22|          15|          15|
    |r_V_73_fu_94517_p2          |         -|   0|  0|  22|          15|          15|
    |r_V_76_fu_94654_p2          |         -|   0|  0|  22|          15|          15|
    |r_V_77_fu_94712_p2          |         -|   0|  0|  23|          16|          16|
    |r_V_78_fu_94746_p2          |         -|   0|  0|  22|          15|          15|
    |r_V_79_fu_94822_p2          |         -|   0|  0|  24|          17|          17|
    |r_V_83_fu_94968_p2          |         -|   0|  0|  22|          15|          15|
    |r_V_84_fu_95075_p2          |         -|   0|  0|  21|           1|          14|
    |r_V_85_fu_95131_p2          |         -|   0|  0|  22|          15|          15|
    |r_V_88_fu_95287_p2          |         -|   0|  0|  21|          14|          14|
    |r_V_90_fu_95353_p2          |         -|   0|  0|  21|          14|          14|
    |r_V_91_fu_95385_p2          |         -|   0|  0|  22|          15|          15|
    |r_V_92_fu_95452_p2          |         -|   0|  0|  21|          14|          14|
    |r_V_95_fu_95675_p2          |         -|   0|  0|  21|          14|          14|
    |r_V_96_fu_95733_p2          |         -|   0|  0|  21|          14|          14|
    |r_V_97_fu_95763_p2          |         -|   0|  0|  22|          15|          15|
    |r_V_99_fu_95948_p2          |         -|   0|  0|  22|          15|          15|
    |sub_ln1319_101_fu_99528_p2  |         -|   0|  0|  20|           1|          13|
    |sub_ln1319_39_fu_94475_p2   |         -|   0|  0|  21|           1|          14|
    |sub_ln1319_41_fu_94640_p2   |         -|   0|  0|  21|           1|          14|
    |sub_ln1319_43_fu_94686_p2   |         -|   0|  0|  22|           1|          15|
    |sub_ln1319_46_fu_94800_p2   |         -|   0|  0|  23|           1|          16|
    |sub_ln1319_55_fu_95707_p2   |         -|   0|  0|  20|           1|          13|
    |sub_ln1319_57_fu_95753_p2   |         -|   0|  0|  21|           1|          14|
    |sub_ln1319_60_fu_95978_p2   |         -|   0|  0|  21|           1|          14|
    |sub_ln1319_63_fu_96244_p2   |         -|   0|  0|  22|           1|          15|
    |sub_ln1319_69_fu_96500_p2   |         -|   0|  0|  22|           1|          15|
    |sub_ln1319_71_fu_96624_p2   |         -|   0|  0|  20|           1|          13|
    |sub_ln1319_82_fu_97578_p2   |         -|   0|  0|  20|           1|          13|
    |sub_ln1319_87_fu_98007_p2   |         -|   0|  0|  21|           1|          14|
    |sub_ln1319_90_fu_98185_p2   |         -|   0|  0|  22|           1|          15|
    |sub_ln1319_fu_94411_p2      |         -|   0|  0|  22|           1|          15|
    |sub_ln864_16_fu_94952_p2    |         -|   0|  0|  22|          15|          15|
    |sub_ln864_17_fu_95047_p2    |         -|   0|  0|  22|          15|          15|
    |sub_ln864_18_fu_95797_p2    |         -|   0|  0|  21|          14|          14|
    |sub_ln864_19_fu_96146_p2    |         -|   0|  0|  21|          14|          14|
    |sub_ln864_20_fu_96196_p2    |         -|   0|  0|  21|          14|          14|
    |sub_ln864_21_fu_96476_p2    |         -|   0|  0|  22|          15|          15|
    |sub_ln864_22_fu_96666_p2    |         -|   0|  0|  21|          14|          14|
    |sub_ln864_23_fu_96774_p2    |         -|   0|  0|  20|          13|          13|
    |sub_ln864_24_fu_96946_p2    |         -|   0|  0|  22|          15|          15|
    |sub_ln864_25_fu_96995_p2    |         -|   0|  0|  22|          15|          15|
    |sub_ln864_26_fu_97172_p2    |         -|   0|  0|  21|          14|          14|
    |sub_ln864_27_fu_97470_p2    |         -|   0|  0|  22|          15|          15|
    |sub_ln864_28_fu_97542_p2    |         -|   0|  0|  22|          15|          15|
    |sub_ln864_29_fu_97644_p2    |         -|   0|  0|  21|          14|          14|
    |sub_ln864_30_fu_97794_p2    |         -|   0|  0|  21|          14|          14|
    |sub_ln864_31_fu_97971_p2    |         -|   0|  0|  22|          15|          15|
    |sub_ln864_32_fu_98137_p2    |         -|   0|  0|  22|          15|          15|
    |sub_ln864_33_fu_98308_p2    |         -|   0|  0|  22|          15|          15|
    |sub_ln864_34_fu_98376_p2    |         -|   0|  0|  20|          13|          13|
    |sub_ln864_35_fu_98412_p2    |         -|   0|  0|  21|          14|          14|
    |sub_ln864_36_fu_98652_p2    |         -|   0|  0|  21|          14|          14|
    |sub_ln864_37_fu_98876_p2    |         -|   0|  0|  21|          14|          14|
    |sub_ln864_38_fu_98997_p2    |         -|   0|  0|  21|          14|          14|
    |sub_ln864_39_fu_99134_p2    |         -|   0|  0|  22|          15|          15|
    |sub_ln864_40_fu_99178_p2    |         -|   0|  0|  22|          15|          15|
    |sub_ln864_41_fu_99614_p2    |         -|   0|  0|  21|          14|          14|
    |sub_ln864_42_fu_99760_p2    |         -|   0|  0|  22|          15|          15|
    |sub_ln864_fu_94624_p2       |         -|   0|  0|  21|          14|          14|
    +----------------------------+----------+----+---+----+------------+------------+
    |Total                       |          |   0|  0|7430|        4555|        4838|
    +----------------------------+----------+----+---+----+------------+------------+

    * Multiplexer: 
    +--------------+----+-----------+-----+-----------+
    |     Name     | LUT| Input Size| Bits| Total Bits|
    +--------------+----+-----------+-----+-----------+
    |ap_return_0   |  14|          3|   16|         48|
    |ap_return_1   |  14|          3|   16|         48|
    |ap_return_10  |  14|          3|   16|         48|
    |ap_return_11  |  14|          3|   16|         48|
    |ap_return_12  |  14|          3|   16|         48|
    |ap_return_13  |  14|          3|   16|         48|
    |ap_return_14  |  14|          3|   16|         48|
    |ap_return_15  |  14|          3|   16|         48|
    |ap_return_16  |  14|          3|   16|         48|
    |ap_return_17  |  14|          3|   16|         48|
    |ap_return_18  |  14|          3|   16|         48|
    |ap_return_19  |  14|          3|   16|         48|
    |ap_return_2   |  14|          3|   16|         48|
    |ap_return_20  |  14|          3|   16|         48|
    |ap_return_21  |  14|          3|   16|         48|
    |ap_return_22  |  14|          3|   16|         48|
    |ap_return_23  |  14|          3|   16|         48|
    |ap_return_24  |  14|          3|   16|         48|
    |ap_return_3   |  14|          3|   16|         48|
    |ap_return_4   |  14|          3|   16|         48|
    |ap_return_5   |  14|          3|   16|         48|
    |ap_return_6   |  14|          3|   16|         48|
    |ap_return_7   |  14|          3|   16|         48|
    |ap_return_8   |  14|          3|   16|         48|
    |ap_return_9   |  14|          3|   16|         48|
    +--------------+----+-----------+-----+-----------+
    |Total         | 350|         75|  400|       1200|
    +--------------+----+-----------+-----+-----------+

    * Register: 
    +----------------------------+----+----+-----+-----------+
    |            Name            | FF | LUT| Bits| Const Bits|
    +----------------------------+----+----+-----+-----------+
    |add_ln859_150_reg_102681    |  12|   0|   12|          0|
    |add_ln859_153_reg_102686    |  12|   0|   12|          0|
    |add_ln859_156_reg_102691    |  12|   0|   12|          0|
    |add_ln859_159_reg_102696    |  10|   0|   10|          0|
    |add_ln859_161_reg_102701    |  12|   0|   12|          0|
    |add_ln859_164_reg_102706    |  10|   0|   10|          0|
    |add_ln859_167_reg_102711    |  11|   0|   11|          0|
    |add_ln859_171_reg_102716    |   9|   0|    9|          0|
    |add_ln859_174_reg_102721    |  11|   0|   11|          0|
    |add_ln859_177_reg_102726    |  12|   0|   12|          0|
    |add_ln859_181_reg_102731    |  13|   0|   13|          0|
    |add_ln859_183_reg_102736    |  11|   0|   11|          0|
    |add_ln859_185_reg_102741    |  10|   0|   10|          0|
    |add_ln859_186_reg_102746    |  12|   0|   12|          0|
    |add_ln859_193_reg_102751    |  13|   0|   13|          0|
    |add_ln859_195_reg_102756    |  10|   0|   10|          0|
    |add_ln859_196_reg_102761    |  12|   0|   12|          0|
    |add_ln859_199_reg_102766    |  12|   0|   12|          0|
    |add_ln859_201_reg_102771    |  11|   0|   11|          0|
    |add_ln859_205_reg_102776    |  12|   0|   12|          0|
    |add_ln859_208_reg_102781    |  12|   0|   12|          0|
    |add_ln859_210_reg_102786    |  10|   0|   10|          0|
    |add_ln859_211_reg_102791    |  12|   0|   12|          0|
    |add_ln859_214_reg_102796    |  11|   0|   11|          0|
    |add_ln859_215_reg_102801    |  11|   0|   11|          0|
    |add_ln859_219_reg_102806    |  12|   0|   12|          0|
    |add_ln859_220_reg_102811    |  12|   0|   12|          0|
    |add_ln859_224_reg_102816    |  12|   0|   12|          0|
    |add_ln859_226_reg_102821    |  11|   0|   11|          0|
    |add_ln859_229_reg_102826    |   9|   0|    9|          0|
    |add_ln859_230_reg_102831    |  12|   0|   12|          0|
    |add_ln859_233_reg_102836    |  10|   0|   10|          0|
    |add_ln859_239_reg_102841    |  12|   0|   12|          0|
    |add_ln859_241_reg_102846    |  11|   0|   11|          0|
    |add_ln859_243_reg_102851    |  13|   0|   13|          0|
    |add_ln859_245_reg_102856    |  11|   0|   11|          0|
    |add_ln859_249_reg_102861    |  12|   0|   12|          0|
    |add_ln859_251_reg_102866    |  12|   0|   12|          0|
    |add_ln859_252_reg_102871    |  11|   0|   11|          0|
    |add_ln859_255_reg_102876    |  11|   0|   11|          0|
    |add_ln859_256_reg_102881    |  11|   0|   11|          0|
    |add_ln859_258_reg_102886    |  11|   0|   11|          0|
    |add_ln859_259_reg_102891    |  11|   0|   11|          0|
    |add_ln859_264_reg_102896    |  11|   0|   11|          0|
    |add_ln859_265_reg_102901    |  10|   0|   10|          0|
    |add_ln859_269_reg_102906    |  12|   0|   12|          0|
    |add_ln859_270_reg_102911    |  11|   0|   11|          0|
    |add_ln859_274_reg_102916    |  10|   0|   10|          0|
    |add_ln859_275_reg_102921    |  11|   0|   11|          0|
    |add_ln859_278_reg_102926    |  11|   0|   11|          0|
    |add_ln859_280_reg_102931    |  11|   0|   11|          0|
    |add_ln859_284_reg_102936    |  10|   0|   10|          0|
    |add_ln859_285_reg_102941    |  10|   0|   10|          0|
    |add_ln859_288_reg_102946    |  10|   0|   10|          0|
    |add_ln859_291_reg_102951    |  11|   0|   11|          0|
    |add_ln859_295_reg_102956    |  10|   0|   10|          0|
    |add_ln859_299_reg_102961    |  10|   0|   10|          0|
    |add_ln859_301_reg_102966    |  11|   0|   11|          0|
    |add_ln859_304_reg_102971    |  11|   0|   11|          0|
    |add_ln859_307_reg_102976    |  11|   0|   11|          0|
    |add_ln859_309_reg_102981    |  11|   0|   11|          0|
    |add_ln859_312_reg_102986    |  11|   0|   11|          0|
    |add_ln859_316_reg_102991    |  10|   0|   10|          0|
    |add_ln859_317_reg_102996    |  12|   0|   12|          0|
    |add_ln859_318_reg_103001    |  11|   0|   11|          0|
    |add_ln859_321_reg_103006    |  10|   0|   10|          0|
    |add_ln859_326_reg_103011    |  13|   0|   13|          0|
    |add_ln859_330_reg_103016    |  13|   0|   13|          0|
    |add_ln859_331_reg_103021    |  13|   0|   13|          0|
    |add_ln859_334_reg_103026    |  11|   0|   11|          0|
    |add_ln859_337_reg_103031    |  12|   0|   12|          0|
    |add_ln859_340_reg_103036    |  10|   0|   10|          0|
    |add_ln859_343_reg_103041    |  10|   0|   10|          0|
    |add_ln859_345_reg_103046    |  12|   0|   12|          0|
    |add_ln859_347_reg_103051    |  12|   0|   12|          0|
    |add_ln859_352_reg_103056    |  11|   0|   11|          0|
    |add_ln859_355_reg_103061    |  12|   0|   12|          0|
    |add_ln859_357_reg_103066    |  12|   0|   12|          0|
    |add_ln859_361_reg_103071    |  11|   0|   11|          0|
    |add_ln859_364_reg_103076    |  11|   0|   11|          0|
    |add_ln859_366_reg_103081    |  12|   0|   12|          0|
    |add_ln859_370_reg_103086    |  13|   0|   13|          0|
    |add_ln859_371_reg_103091    |  11|   0|   11|          0|
    |add_ln859_378_reg_103096    |  12|   0|   12|          0|
    |add_ln859_380_reg_103101    |  10|   0|   10|          0|
    |add_ln859_384_reg_103106    |  12|   0|   12|          0|
    |add_ln859_386_reg_103111    |  10|   0|   10|          0|
    |add_ln859_388_reg_103116    |  12|   0|   12|          0|
    |add_ln859_391_reg_103121    |  11|   0|   11|          0|
    |add_ln859_393_reg_103126    |  12|   0|   12|          0|
    |add_ln859_reg_102676        |  10|   0|   10|          0|
    |ap_ce_reg                   |   1|   0|    1|          0|
    |ap_return_0_int_reg         |  16|   0|   16|          0|
    |ap_return_10_int_reg        |  16|   0|   16|          0|
    |ap_return_11_int_reg        |  16|   0|   16|          0|
    |ap_return_12_int_reg        |  16|   0|   16|          0|
    |ap_return_13_int_reg        |  16|   0|   16|          0|
    |ap_return_14_int_reg        |  16|   0|   16|          0|
    |ap_return_15_int_reg        |  16|   0|   16|          0|
    |ap_return_16_int_reg        |  16|   0|   16|          0|
    |ap_return_17_int_reg        |  16|   0|   16|          0|
    |ap_return_18_int_reg        |  16|   0|   16|          0|
    |ap_return_19_int_reg        |  16|   0|   16|          0|
    |ap_return_1_int_reg         |  14|   0|   16|          2|
    |ap_return_20_int_reg        |  16|   0|   16|          0|
    |ap_return_21_int_reg        |  16|   0|   16|          0|
    |ap_return_22_int_reg        |  16|   0|   16|          0|
    |ap_return_23_int_reg        |  16|   0|   16|          0|
    |ap_return_24_int_reg        |  16|   0|   16|          0|
    |ap_return_2_int_reg         |  16|   0|   16|          0|
    |ap_return_3_int_reg         |  16|   0|   16|          0|
    |ap_return_4_int_reg         |  16|   0|   16|          0|
    |ap_return_5_int_reg         |  16|   0|   16|          0|
    |ap_return_6_int_reg         |  16|   0|   16|          0|
    |ap_return_7_int_reg         |  16|   0|   16|          0|
    |ap_return_8_int_reg         |  16|   0|   16|          0|
    |ap_return_9_int_reg         |  16|   0|   16|          0|
    |mult_V_10_reg_102586        |   7|   0|    7|          0|
    |mult_V_12_reg_102561        |   8|   0|    8|          0|
    |mult_V_19_reg_102621        |   9|   0|    9|          0|
    |mult_V_21_reg_102631        |   9|   0|    9|          0|
    |mult_V_22_reg_102636        |   9|   0|    9|          0|
    |mult_V_23_reg_102646        |   9|   0|    9|          0|
    |mult_V_28_reg_102671        |  10|   0|   10|          0|
    |mult_V_reg_102501           |   7|   0|    7|          0|
    |trunc_ln17_44_reg_102461    |   9|   0|    9|          0|
    |trunc_ln17_46_reg_102466    |   9|   0|    9|          0|
    |trunc_ln17_48_reg_102476    |  10|   0|   10|          0|
    |trunc_ln17_63_reg_102506    |   9|   0|    9|          0|
    |trunc_ln17_79_reg_102541    |   9|   0|    9|          0|
    |trunc_ln17_85_reg_102576    |   9|   0|    9|          0|
    |trunc_ln17_87_reg_102581    |  10|   0|   10|          0|
    |trunc_ln17_91_reg_102606    |  10|   0|   10|          0|
    |trunc_ln17_92_reg_102616    |  10|   0|   10|          0|
    |trunc_ln17_s_reg_102455     |   9|   0|    9|          0|
    |trunc_ln864_102_reg_102496  |  10|   0|   10|          0|
    |trunc_ln864_116_reg_102511  |  10|   0|   10|          0|
    |trunc_ln864_119_reg_102516  |  10|   0|   10|          0|
    |trunc_ln864_121_reg_102521  |   9|   0|    9|          0|
    |trunc_ln864_132_reg_102526  |  11|   0|   11|          0|
    |trunc_ln864_135_reg_102531  |   9|   0|    9|          0|
    |trunc_ln864_136_reg_102536  |  10|   0|   10|          0|
    |trunc_ln864_144_reg_102546  |  10|   0|   10|          0|
    |trunc_ln864_148_reg_102551  |  10|   0|   10|          0|
    |trunc_ln864_150_reg_102556  |   9|   0|    9|          0|
    |trunc_ln864_161_reg_102566  |  10|   0|   10|          0|
    |trunc_ln864_162_reg_102571  |  10|   0|   10|          0|
    |trunc_ln864_174_reg_102591  |  11|   0|   11|          0|
    |trunc_ln864_175_reg_102596  |  10|   0|   10|          0|
    |trunc_ln864_176_reg_102601  |  11|   0|   11|          0|
    |trunc_ln864_182_reg_102611  |   9|   0|    9|          0|
    |trunc_ln864_186_reg_102626  |  10|   0|   10|          0|
    |trunc_ln864_195_reg_102641  |   9|   0|    9|          0|
    |trunc_ln864_209_reg_102651  |   9|   0|    9|          0|
    |trunc_ln864_211_reg_102656  |  10|   0|   10|          0|
    |trunc_ln864_213_reg_102661  |  10|   0|   10|          0|
    |trunc_ln864_214_reg_102666  |  10|   0|   10|          0|
    |trunc_ln864_89_reg_102471   |   9|   0|    9|          0|
    |trunc_ln864_97_reg_102481   |  10|   0|   10|          0|
    |trunc_ln864_98_reg_102486   |  10|   0|   10|          0|
    |trunc_ln864_99_reg_102491   |  10|   0|   10|          0|
    |trunc_ln864_s_reg_102450    |  11|   0|   11|          0|
    +----------------------------+----+----+-----+-----------+
    |Total                       |1849|   0| 1851|          2|
    +----------------------------+----+----+-----+-----------+



================================================================
== Interface
================================================================
* Summary: 
+--------------+-----+-----+------------+----------------------------------------------------------------------------+--------------+
|   RTL Ports  | Dir | Bits|  Protocol  |                                Source Object                               |    C Type    |
+--------------+-----+-----+------------+----------------------------------------------------------------------------+--------------+
|ap_clk        |   in|    1|  ap_ctrl_hs|  dense_latency<ap_ufixed<9, 0, 4, 0, 0>, ap_fixed<16, 6, 5, 3, 0>, config5>|  return value|
|ap_rst        |   in|    1|  ap_ctrl_hs|  dense_latency<ap_ufixed<9, 0, 4, 0, 0>, ap_fixed<16, 6, 5, 3, 0>, config5>|  return value|
|ap_return_0   |  out|   16|  ap_ctrl_hs|  dense_latency<ap_ufixed<9, 0, 4, 0, 0>, ap_fixed<16, 6, 5, 3, 0>, config5>|  return value|
|ap_return_1   |  out|   16|  ap_ctrl_hs|  dense_latency<ap_ufixed<9, 0, 4, 0, 0>, ap_fixed<16, 6, 5, 3, 0>, config5>|  return value|
|ap_return_2   |  out|   16|  ap_ctrl_hs|  dense_latency<ap_ufixed<9, 0, 4, 0, 0>, ap_fixed<16, 6, 5, 3, 0>, config5>|  return value|
|ap_return_3   |  out|   16|  ap_ctrl_hs|  dense_latency<ap_ufixed<9, 0, 4, 0, 0>, ap_fixed<16, 6, 5, 3, 0>, config5>|  return value|
|ap_return_4   |  out|   16|  ap_ctrl_hs|  dense_latency<ap_ufixed<9, 0, 4, 0, 0>, ap_fixed<16, 6, 5, 3, 0>, config5>|  return value|
|ap_return_5   |  out|   16|  ap_ctrl_hs|  dense_latency<ap_ufixed<9, 0, 4, 0, 0>, ap_fixed<16, 6, 5, 3, 0>, config5>|  return value|
|ap_return_6   |  out|   16|  ap_ctrl_hs|  dense_latency<ap_ufixed<9, 0, 4, 0, 0>, ap_fixed<16, 6, 5, 3, 0>, config5>|  return value|
|ap_return_7   |  out|   16|  ap_ctrl_hs|  dense_latency<ap_ufixed<9, 0, 4, 0, 0>, ap_fixed<16, 6, 5, 3, 0>, config5>|  return value|
|ap_return_8   |  out|   16|  ap_ctrl_hs|  dense_latency<ap_ufixed<9, 0, 4, 0, 0>, ap_fixed<16, 6, 5, 3, 0>, config5>|  return value|
|ap_return_9   |  out|   16|  ap_ctrl_hs|  dense_latency<ap_ufixed<9, 0, 4, 0, 0>, ap_fixed<16, 6, 5, 3, 0>, config5>|  return value|
|ap_return_10  |  out|   16|  ap_ctrl_hs|  dense_latency<ap_ufixed<9, 0, 4, 0, 0>, ap_fixed<16, 6, 5, 3, 0>, config5>|  return value|
|ap_return_11  |  out|   16|  ap_ctrl_hs|  dense_latency<ap_ufixed<9, 0, 4, 0, 0>, ap_fixed<16, 6, 5, 3, 0>, config5>|  return value|
|ap_return_12  |  out|   16|  ap_ctrl_hs|  dense_latency<ap_ufixed<9, 0, 4, 0, 0>, ap_fixed<16, 6, 5, 3, 0>, config5>|  return value|
|ap_return_13  |  out|   16|  ap_ctrl_hs|  dense_latency<ap_ufixed<9, 0, 4, 0, 0>, ap_fixed<16, 6, 5, 3, 0>, config5>|  return value|
|ap_return_14  |  out|   16|  ap_ctrl_hs|  dense_latency<ap_ufixed<9, 0, 4, 0, 0>, ap_fixed<16, 6, 5, 3, 0>, config5>|  return value|
|ap_return_15  |  out|   16|  ap_ctrl_hs|  dense_latency<ap_ufixed<9, 0, 4, 0, 0>, ap_fixed<16, 6, 5, 3, 0>, config5>|  return value|
|ap_return_16  |  out|   16|  ap_ctrl_hs|  dense_latency<ap_ufixed<9, 0, 4, 0, 0>, ap_fixed<16, 6, 5, 3, 0>, config5>|  return value|
|ap_return_17  |  out|   16|  ap_ctrl_hs|  dense_latency<ap_ufixed<9, 0, 4, 0, 0>, ap_fixed<16, 6, 5, 3, 0>, config5>|  return value|
|ap_return_18  |  out|   16|  ap_ctrl_hs|  dense_latency<ap_ufixed<9, 0, 4, 0, 0>, ap_fixed<16, 6, 5, 3, 0>, config5>|  return value|
|ap_return_19  |  out|   16|  ap_ctrl_hs|  dense_latency<ap_ufixed<9, 0, 4, 0, 0>, ap_fixed<16, 6, 5, 3, 0>, config5>|  return value|
|ap_return_20  |  out|   16|  ap_ctrl_hs|  dense_latency<ap_ufixed<9, 0, 4, 0, 0>, ap_fixed<16, 6, 5, 3, 0>, config5>|  return value|
|ap_return_21  |  out|   16|  ap_ctrl_hs|  dense_latency<ap_ufixed<9, 0, 4, 0, 0>, ap_fixed<16, 6, 5, 3, 0>, config5>|  return value|
|ap_return_22  |  out|   16|  ap_ctrl_hs|  dense_latency<ap_ufixed<9, 0, 4, 0, 0>, ap_fixed<16, 6, 5, 3, 0>, config5>|  return value|
|ap_return_23  |  out|   16|  ap_ctrl_hs|  dense_latency<ap_ufixed<9, 0, 4, 0, 0>, ap_fixed<16, 6, 5, 3, 0>, config5>|  return value|
|ap_return_24  |  out|   16|  ap_ctrl_hs|  dense_latency<ap_ufixed<9, 0, 4, 0, 0>, ap_fixed<16, 6, 5, 3, 0>, config5>|  return value|
|ap_ce         |   in|    1|  ap_ctrl_hs|  dense_latency<ap_ufixed<9, 0, 4, 0, 0>, ap_fixed<16, 6, 5, 3, 0>, config5>|  return value|
|p_read        |   in|    9|     ap_none|                                                                      p_read|        scalar|
|p_read1       |   in|    9|     ap_none|                                                                     p_read1|        scalar|
|p_read2       |   in|    9|     ap_none|                                                                     p_read2|        scalar|
|p_read3       |   in|    9|     ap_none|                                                                     p_read3|        scalar|
|p_read4       |   in|    9|     ap_none|                                                                     p_read4|        scalar|
|p_read5       |   in|    9|     ap_none|                                                                     p_read5|        scalar|
|p_read6       |   in|    9|     ap_none|                                                                     p_read6|        scalar|
|p_read7       |   in|    9|     ap_none|                                                                     p_read7|        scalar|
|p_read8       |   in|    9|     ap_none|                                                                     p_read8|        scalar|
|p_read9       |   in|    9|     ap_none|                                                                     p_read9|        scalar|
|p_read10      |   in|    9|     ap_none|                                                                    p_read10|        scalar|
|p_read11      |   in|    9|     ap_none|                                                                    p_read11|        scalar|
|p_read12      |   in|    9|     ap_none|                                                                    p_read12|        scalar|
|p_read13      |   in|    9|     ap_none|                                                                    p_read13|        scalar|
|p_read14      |   in|    9|     ap_none|                                                                    p_read14|        scalar|
|p_read15      |   in|    9|     ap_none|                                                                    p_read15|        scalar|
|p_read16      |   in|    9|     ap_none|                                                                    p_read16|        scalar|
|p_read17      |   in|    9|     ap_none|                                                                    p_read17|        scalar|
|p_read18      |   in|    9|     ap_none|                                                                    p_read18|        scalar|
|p_read19      |   in|    9|     ap_none|                                                                    p_read19|        scalar|
|p_read20      |   in|    9|     ap_none|                                                                    p_read20|        scalar|
|p_read21      |   in|    9|     ap_none|                                                                    p_read21|        scalar|
|p_read22      |   in|    9|     ap_none|                                                                    p_read22|        scalar|
|p_read23      |   in|    9|     ap_none|                                                                    p_read23|        scalar|
|p_read24      |   in|    9|     ap_none|                                                                    p_read24|        scalar|
+--------------+-----+-----+------------+----------------------------------------------------------------------------+--------------+

